Component: ARM Compiler 5.06 update 7 (build 960) Tool: armlink [4d3601]

==============================================================================

Section Cross References

    startup_air32f10x.o(RESET) refers to startup_air32f10x.o(STACK) for __initial_sp
    startup_air32f10x.o(RESET) refers to startup_air32f10x.o(.text) for Reset_Handler
    startup_air32f10x.o(RESET) refers to air32f10x_it.o(i.NMI_Handler) for NMI_Handler
    startup_air32f10x.o(RESET) refers to air32f10x_it.o(i.HardFault_Handler) for HardFault_Handler
    startup_air32f10x.o(RESET) refers to air32f10x_it.o(i.MemManage_Handler) for MemManage_Handler
    startup_air32f10x.o(RESET) refers to air32f10x_it.o(i.BusFault_Handler) for BusFault_Handler
    startup_air32f10x.o(RESET) refers to air32f10x_it.o(i.UsageFault_Handler) for UsageFault_Handler
    startup_air32f10x.o(RESET) refers to air32f10x_it.o(i.SVC_Handler) for SVC_Handler
    startup_air32f10x.o(RESET) refers to air32f10x_it.o(i.DebugMon_Handler) for DebugMon_Handler
    startup_air32f10x.o(RESET) refers to air32f10x_it.o(i.PendSV_Handler) for PendSV_Handler
    startup_air32f10x.o(RESET) refers to air32f10x_it.o(i.SysTick_Handler) for SysTick_Handler
    startup_air32f10x.o(RESET) refers to exti.o(i.EXTI9_5_IRQHandler) for EXTI9_5_IRQHandler
    startup_air32f10x.o(RESET) refers to timer.o(i.TIM3_IRQHandler) for TIM3_IRQHandler
    startup_air32f10x.o(RESET) refers to timer.o(i.TIM4_IRQHandler) for TIM4_IRQHandler
    startup_air32f10x.o(RESET) refers to bc260y.o(i.USART1_IRQHandler) for USART1_IRQHandler
    startup_air32f10x.o(RESET) refers to hlw8110.o(i.USART2_IRQHandler) for USART2_IRQHandler
    startup_air32f10x.o(.text) refers to system_air32f10x.o(i.SystemInit) for SystemInit
    startup_air32f10x.o(.text) refers to entry.o(.ARM.Collect$$$$00000000) for __main
    air32.o(i.RCC_ClkConfiguration) refers to air32f10x_rcc.o(i.RCC_DeInit) for RCC_DeInit
    air32.o(i.RCC_ClkConfiguration) refers to air32f10x_rcc.o(i.RCC_HSEConfig) for RCC_HSEConfig
    air32.o(i.RCC_ClkConfiguration) refers to air32f10x_rcc.o(i.RCC_GetFlagStatus) for RCC_GetFlagStatus
    air32.o(i.RCC_ClkConfiguration) refers to air32f10x_rcc.o(i.RCC_PLLCmd) for RCC_PLLCmd
    air32.o(i.RCC_ClkConfiguration) refers to air32f10x_rcc_ex.o(i.AIR_RCC_PLLConfig) for AIR_RCC_PLLConfig
    air32.o(i.RCC_ClkConfiguration) refers to air32f10x_rcc.o(i.RCC_SYSCLKConfig) for RCC_SYSCLKConfig
    air32.o(i.RCC_ClkConfiguration) refers to air32f10x_rcc.o(i.RCC_HCLKConfig) for RCC_HCLKConfig
    air32.o(i.RCC_ClkConfiguration) refers to air32f10x_rcc.o(i.RCC_PCLK1Config) for RCC_PCLK1Config
    air32.o(i.RCC_ClkConfiguration) refers to air32f10x_rcc.o(i.RCC_PCLK2Config) for RCC_PCLK2Config
    air32.o(i.RCC_ClkConfiguration) refers to air32f10x_rcc.o(i.RCC_LSICmd) for RCC_LSICmd
    air32.o(i.RCC_ClkConfiguration) refers to air32f10x_rcc.o(i.RCC_HSICmd) for RCC_HSICmd
    e_meter_crt.o(i.E_Clear_Init) refers to air32f10x_rcc.o(i.RCC_APB2PeriphClockCmd) for RCC_APB2PeriphClockCmd
    e_meter_crt.o(i.E_Clear_Init) refers to air32f10x_gpio.o(i.GPIO_Init) for GPIO_Init
    e_meter_crt.o(i.E_Data_Clear) refers to stmflash.o(i.STMFLASH_Write) for STMFLASH_Write
    e_meter_crt.o(i.E_Data_Read) refers to stmflash.o(i.STMFLASH_Read) for STMFLASH_Read
    e_meter_crt.o(i.E_Data_Write) refers to stmflash.o(i.STMFLASH_Write) for STMFLASH_Write
    e_meter_crt.o(i.E_Data_Write) refers to hlw8110.o(.data) for F_AC_BACKUP_E
    e_meter_crt.o(i.PWR_CNT_Clear) refers to stmflash.o(i.STMFLASH_Write) for STMFLASH_Write
    e_meter_crt.o(i.PWR_CNT_Read) refers to stmflash.o(i.STMFLASH_Read) for STMFLASH_Read
    e_meter_crt.o(i.PWR_CNT_Write) refers to stmflash.o(i.STMFLASH_Write) for STMFLASH_Write
    exti.o(i.EXTI9_5_IRQHandler) refers to delay.o(i.delay_ms) for delay_ms
    exti.o(i.EXTI9_5_IRQHandler) refers to air32f10x_gpio.o(i.GPIO_ReadInputDataBit) for GPIO_ReadInputDataBit
    exti.o(i.EXTI9_5_IRQHandler) refers to e_meter_crt.o(i.E_Data_Write) for E_Data_Write
    exti.o(i.EXTI9_5_IRQHandler) refers to e_meter_crt.o(i.PWR_CNT_Clear) for PWR_CNT_Clear
    exti.o(i.EXTI9_5_IRQHandler) refers to power_en.o(i.Shut_Down) for Shut_Down
    exti.o(i.EXTI9_5_IRQHandler) refers to air32f10x_exti.o(i.EXTI_ClearITPendingBit) for EXTI_ClearITPendingBit
    exti.o(i.EXTI9_5_IRQHandler) refers to e_meter_crt.o(i.E_Data_Clear) for E_Data_Clear
    exti.o(i.EXTIX_Init) refers to air32f10x_rcc.o(i.RCC_APB2PeriphClockCmd) for RCC_APB2PeriphClockCmd
    exti.o(i.EXTIX_Init) refers to air32f10x_gpio.o(i.GPIO_EXTILineConfig) for GPIO_EXTILineConfig
    exti.o(i.EXTIX_Init) refers to air32f10x_exti.o(i.EXTI_Init) for EXTI_Init
    exti.o(i.EXTIX_Init) refers to air32f10x_exti.o(i.EXTI_ClearITPendingBit) for EXTI_ClearITPendingBit
    exti.o(i.EXTIX_Init) refers to misc.o(i.NVIC_Init) for NVIC_Init
[...]
    .ARM.Collect$$$$00000008                 0x08000228   Section        0  entry7b.o(.ARM.Collect$$$$00000008)
    .ARM.Collect$$$$0000000A                 0x08000228   Section        0  entry8b.o(.ARM.Collect$$$$0000000A)
    .ARM.Collect$$$$0000000B                 0x08000228   Section        8  entry9a.o(.ARM.Collect$$$$0000000B)
    .ARM.Collect$$$$0000000E                 0x08000230   Section        4  entry12b.o(.ARM.Collect$$$$0000000E)
    .ARM.Collect$$$$0000000F                 0x08000234   Section        0  entry10a.o(.ARM.Collect$$$$0000000F)
    .ARM.Collect$$$$00000011                 0x08000234   Section        0  entry11a.o(.ARM.Collect$$$$00000011)
    .ARM.Collect$$$$00002712                 0x08000234   Section        4  entry2.o(.ARM.Collect$$$$00002712)
    __lit__00000000                          0x08000234   Data           4  entry2.o(.ARM.Collect$$$$00002712)
    .text                                    0x08000238   Section      112  startup_air32f10x.o(.text)
    .text                                    0x080002a8   Section        0  memcpya.o(.text)
    .text                                    0x080002cc   Section        0  strcat.o(.text)
    .text                                    0x080002e4   Section        0  strstr.o(.text)
    .text                                    0x08000308   Section        0  strlen.o(.text)
    .text                                    0x08000316   Section        0  strcpy.o(.text)
    .text                                    0x08000328   Section        0  fadd.o(.text)
    .text                                    0x080003d8   Section        0  fmul.o(.text)
    .text                                    0x0800043c   Section        0  fdiv.o(.text)
    .text                                    0x080004b8   Section        0  dadd.o(.text)
    .text                                    0x08000606   Section        0  dmul.o(.text)
    .text                                    0x080006ea   Section        0  ddiv.o(.text)
    .text                                    0x080007c8   Section        0  ffltui.o(.text)
    .text                                    0x080007d2   Section        0  ffixui.o(.text)
    .text                                    0x080007fa   Section        0  dfixui.o(.text)
    .text                                    0x0800082c   Section        0  f2d.o(.text)
    .text                                    0x08000854   Section       48  cdcmple.o(.text)
    .text                                    0x08000884   Section       48  cdrcmple.o(.text)
    .text                                    0x080008b4   Section        0  d2f.o(.text)
    .text                                    0x080008ec   Section       20  cfcmple.o(.text)
    .text                                    0x08000900   Section        0  uidiv.o(.text)
    .text                                    0x0800092c   Section        0  uldiv.o(.text)
    .text                                    0x0800098e   Section        0  llshl.o(.text)
    .text                                    0x080009ac   Section        0  llushr.o(.text)
    .text                                    0x080009cc   Section        0  llsshr.o(.text)
    .text                                    0x080009f0   Section        0  fepilogue.o(.text)
    .text                                    0x080009f0   Section        0  iusefp.o(.text)
    .text                                    0x08000a5e   Section        0  depilogue.o(.text)
    .text                                    0x08000b18   Section        0  dfixul.o(.text)
    .text                                    0x08000b48   Section       36  init.o(.text)
    i.ADC_Cmd                                0x08000b6c   Section        0  air32f10x_adc.o(i.ADC_Cmd)
    i.ADC_DeInit                             0x08000b84   Section        0  air32f10x_adc.o(i.ADC_DeInit)
    i.ADC_GetCalibrationStatus               0x08000be0   Section        0  air32f10x_adc.o(i.ADC_GetCalibrationStatus)
    i.ADC_GetConversionValue                 0x08000bf4   Section        0  air32f10x_adc.o(i.ADC_GetConversionValue)
    i.ADC_GetFlagStatus                      0x08000bfc   Section        0  air32f10x_adc.o(i.ADC_GetFlagStatus)
    i.ADC_GetResetCalibrationStatus          0x08000c0e   Section        0  air32f10x_adc.o(i.ADC_GetResetCalibrationStatus)
    i.ADC_Init                               0x08000c24   Section        0  air32f10x_adc.o(i.ADC_Init)
    i.ADC_RegularChannelConfig               0x08000c74   Section        0  air32f10x_adc.o(i.ADC_RegularChannelConfig)
    i.ADC_ResetCalibration                   0x08000d2c   Section        0  air32f10x_adc.o(i.ADC_ResetCalibration)
    i.ADC_SoftwareStartConvCmd               0x08000d36   Section        0  air32f10x_adc.o(i.ADC_SoftwareStartConvCmd)
    i.ADC_StartCalibration                   0x08000d4c   Section        0  air32f10x_adc.o(i.ADC_StartCalibration)
    i.ADC_TempSensorVrefintCmd               0x08000d58   Section        0  air32f10x_adc.o(i.ADC_TempSensorVrefintCmd)
    i.AD_GetValue                            0x08000d7c   Section        0  battery.o(i.AD_GetValue)
    i.Adc_Init                               0x08000db4   Section        0  battery.o(i.Adc_Init)
    i.BC260Y_Notify                          0x08000e48   Section        0  bc260y.o(i.BC260Y_Notify)
    i.BusFault_Handler                       0x08000ea0   Section        0  air32f10x_it.o(i.BusFault_Handler)
    i.Calculate_HLW8110_MeterData            0x08000ea4   Section        0  hlw8110.o(i.Calculate_HLW8110_MeterData)
    i.Check_WriteReg_Success                 0x08000ecc   Section        0  hlw8110.o(i.Check_WriteReg_Success)
    i.Clear_Buf_CMD                          0x08000f9c   Section        0  bc260y.o(i.Clear_Buf_CMD)
    i.Clear_RxBuf                            0x08000fb0   Section        0  hlw8110.o(i.Clear_RxBuf)
    i.Clear_temp                             0x08000fe4   Section        0  lcd_displayinformation.o(i.Clear_temp)
    i.Data_Processing                        0x08000ff8   Section        0  bc260y.o(i.Data_Processing)
    i.DebugMon_Handler                       0x08001430   Section        0  air32f10x_it.o(i.DebugMon_Handler)
    i.DisplayMenu                            0x08001434   Section        0  lcd_displayinformation.o(i.DisplayMenu)
    i.DisplayParameter                       0x080014c4   Section        0  lcd_displayinformation.o(i.DisplayParameter)
    i.EXTI9_5_IRQHandler                     0x08001648   Section        0  exti.o(i.EXTI9_5_IRQHandler)
    i.EXTIX_Init                             0x080016c0   Section        0  exti.o(i.EXTIX_Init)
    i.EXTI_ClearITPendingBit                 0x08001744   Section        0  air32f10x_exti.o(i.EXTI_ClearITPendingBit)
    i.EXTI_Init                              0x08001750   Section        0  air32f10x_exti.o(i.EXTI_Init)
    i.E_Clear_Init                           0x080017e4   Section        0  e_meter_crt.o(i.E_Clear_Init)
    i.E_Data_Clear                           0x08001810   Section        0  e_meter_crt.o(i.E_Data_Clear)
    i.E_Data_Read                            0x08001828   Section        0  e_meter_crt.o(i.E_Data_Read)
    i.E_Data_Write                           0x08001844   Section        0  e_meter_crt.o(i.E_Data_Write)
    i.FLASH_ErasePage                        0x0800186c   Section        0  air32f10x_flash.o(i.FLASH_ErasePage)
    i.FLASH_GetBank1Status                   0x080018b8   Section        0  air32f10x_flash.o(i.FLASH_GetBank1Status)
    i.FLASH_Lock                             0x080018ec   Section        0  air32f10x_flash.o(i.FLASH_Lock)
    i.FLASH_ProgramHalfWord                  0x08001900   Section        0  air32f10x_flash.o(i.FLASH_ProgramHalfWord)
    i.FLASH_Unlock                           0x08001940   Section        0  air32f10x_flash.o(i.FLASH_Unlock)
    i.FLASH_WaitForLastOperation             0x08001958   Section        0  air32f10x_flash.o(i.FLASH_WaitForLastOperation)
    i.GPIO_EXTILineConfig                    0x08001980   Section        0  air32f10x_gpio.o(i.GPIO_EXTILineConfig)
    i.GPIO_Init                              0x080019c0   Section        0  air32f10x_gpio.o(i.GPIO_Init)
    i.GPIO_ReadInputDataBit                  0x08001ad6   Section        0  air32f10x_gpio.o(i.GPIO_ReadInputDataBit)
    i.GPIO_ResetBits                         0x08001ae8   Section        0  air32f10x_gpio.o(i.GPIO_ResetBits)
    i.GPIO_SetBits                           0x08001aec   Section        0  air32f10x_gpio.o(i.GPIO_SetBits)
    i.Get_VBAT_Average                       0x08001af0   Section        0  battery.o(i.Get_VBAT_Average)
    i.Gui_DrawFont_GBK16                     0x08001c74   Section        0  gui.o(i.Gui_DrawFont_GBK16)
    i.Gui_DrawFont_GBK24                     0x08001e08   Section        0  gui.o(i.Gui_DrawFont_GBK24)
    i.Gui_DrawPoint                          0x08001ebc   Section        0  lcd_driver.o(i.Gui_DrawPoint)
    i.HLW8110_checkSum_Read                  0x08001edc   Section        0  hlw8110.o(i.HLW8110_checkSum_Read)
    i.HLW8110_checkSum_Write                 0x08001f14   Section        0  hlw8110.o(i.HLW8110_checkSum_Write)
    i.HLW8112_INT_Init                       0x08001f3c   Section        0  exti.o(i.HLW8112_INT_Init)
    i.HardFault_Handler                      0x08001f8c   Section        0  air32f10x_it.o(i.HardFault_Handler)
    i.IWDG_Enable                            0x08001f90   Section        0  air32f10x_iwdg.o(i.IWDG_Enable)
    i.IWDG_Init                              0x08001fa0   Section        0  iwdg.o(i.IWDG_Init)
    i.IWDG_ReloadCounter                     0x08001fc4   Section        0  air32f10x_iwdg.o(i.IWDG_ReloadCounter)
    i.IWDG_SetPrescaler                      0x08001fd4   Section        0  air32f10x_iwdg.o(i.IWDG_SetPrescaler)
    i.IWDG_SetReload                         0x08001fe0   Section        0  air32f10x_iwdg.o(i.IWDG_SetReload)
    i.IWDG_WriteAccessCmd                    0x08001fec   Section        0  air32f10x_iwdg.o(i.IWDG_WriteAccessCmd)
    i.Init_HLW8110                           0x08001ff8   Section        0  hlw8110.o(i.Init_HLW8110)
    i.Judge_CheckSum_HLW8110_Calfactor       0x080020c0   Section        0  hlw8110.o(i.Judge_CheckSum_HLW8110_Calfactor)
    i.LCD_GPIO_Init                          0x0800231c   Section        0  lcd_driver.o(i.LCD_GPIO_Init)
    i.LCD_WriteData_16Bit                    0x0800236c   Section        0  lcd_driver.o(i.LCD_WriteData_16Bit)
    i.Lcd_Clear                              0x0800239c   Section        0  lcd_driver.o(i.Lcd_Clear)
    i.Lcd_Init                               0x080023ce   Section        0  lcd_driver.o(i.Lcd_Init)
    i.Lcd_Reset                              0x080025f0   Section        0  lcd_driver.o(i.Lcd_Reset)
    i.Lcd_SetRegion                          0x08002614   Section        0  lcd_driver.o(i.Lcd_SetRegion)
    i.Lcd_WriteData                          0x08002668   Section        0  lcd_driver.o(i.Lcd_WriteData)
    i.Lcd_WriteIndex                         0x08002690   Section        0  lcd_driver.o(i.Lcd_WriteIndex)
    i.MYRCC_DeInit                           0x080026b8   Section        0  sys.o(i.MYRCC_DeInit)
    i.MY_NVIC_Init                           0x08002720   Section        0  sys.o(i.MY_NVIC_Init)
    i.MY_NVIC_PriorityGroupConfig            0x08002798   Section        0  sys.o(i.MY_NVIC_PriorityGroupConfig)
    i.MY_NVIC_SetVectorTable                 0x080027c0   Section        0  sys.o(i.MY_NVIC_SetVectorTable)
    i.MemManage_Handler                      0x080027d4   Section        0  air32f10x_it.o(i.MemManage_Handler)
    i.NB_Rec_Handle                          0x080027d8   Section        0  bc260y.o(i.NB_Rec_Handle)
    i.NMI_Handler                            0x08002f90   Section        0  air32f10x_it.o(i.NMI_Handler)
    i.NVIC_Init                              0x08002f94   Section        0  misc.o(i.NVIC_Init)
    i.NVIC_PriorityGroupConfig               0x08003004   Section        0  misc.o(i.NVIC_PriorityGroupConfig)
    i.Notify_Control                         0x08003018   Section        0  bc260y.o(i.Notify_Control)
    i.PWR_CNT_Clear                          0x0800308c   Section        0  e_meter_crt.o(i.PWR_CNT_Clear)
    i.PWR_CNT_Read                           0x080030a4   Section        0  e_meter_crt.o(i.PWR_CNT_Read)
    i.PWR_CNT_Write                          0x080030c0   Section        0  e_meter_crt.o(i.PWR_CNT_Write)
    i.PendSV_Handler                         0x080030dc   Section        0  air32f10x_it.o(i.PendSV_Handler)
    i.Power_ON                               0x080030e0   Section        0  power_en.o(i.Power_ON)
    i.RCC_ADCCLKConfig                       0x08003118   Section        0  air32f10x_rcc.o(i.RCC_ADCCLKConfig)
    i.RCC_APB2PeriphClockCmd                 0x08003134   Section        0  air32f10x_rcc.o(i.RCC_APB2PeriphClockCmd)
    i.RCC_APB2PeriphResetCmd                 0x08003154   Section        0  air32f10x_rcc.o(i.RCC_APB2PeriphResetCmd)
    i.RCC_GetClocksFreq                      0x08003174   Section        0  air32f10x_rcc.o(i.RCC_GetClocksFreq)
    i.Read_HLW8110_Angle                     0x08003260   Section        0  hlw8110.o(i.Read_HLW8110_Angle)
    i.Read_HLW8110_EA                        0x080033a0   Section        0  hlw8110.o(i.Read_HLW8110_EA)
    i.Read_HLW8110_IA                        0x080034b8   Section        0  hlw8110.o(i.Read_HLW8110_IA)
    i.Read_HLW8110_LineFreq                  0x080035cc   Section        0  hlw8110.o(i.Read_HLW8110_LineFreq)
    i.Read_HLW8110_PA                        0x08003640   Section        0  hlw8110.o(i.Read_HLW8110_PA)
    i.Read_HLW8110_PF                        0x0800375c   Section        0  hlw8110.o(i.Read_HLW8110_PF)
    i.Read_HLW8110_U                         0x0800380c   Section        0  hlw8110.o(i.Read_HLW8110_U)
    i.Read_HLW8112_State                     0x080038e0   Section        0  hlw8110.o(i.Read_HLW8112_State)
    i.SPI_WriteData                          0x080038f4   Section        0  lcd_driver.o(i.SPI_WriteData)
    i.STMFLASH_Read                          0x08003930   Section        0  stmflash.o(i.STMFLASH_Read)
    i.STMFLASH_ReadHalfWord                  0x08003952   Section        0  stmflash.o(i.STMFLASH_ReadHalfWord)
    i.STMFLASH_Write                         0x08003958   Section        0  stmflash.o(i.STMFLASH_Write)
    i.STMFLASH_Write_NoCheck                 0x08003a40   Section        0  stmflash.o(i.STMFLASH_Write_NoCheck)
    i.SVC_Handler                            0x08003a66   Section        0  air32f10x_it.o(i.SVC_Handler)
    i.Send_Cmd                               0x08003a68   Section        0  bc260y.o(i.Send_Cmd)
    i.Serial_SendByte                        0x08003ae0   Section        0  bc260y.o(i.Serial_SendByte)
    i.Serial_SendString                      0x08003afc   Section        0  bc260y.o(i.Serial_SendString)
    i.SetSysClock                            0x08003b16   Section        0  system_air32f10x.o(i.SetSysClock)
    SetSysClock                              0x08003b17   Thumb Code     8  system_air32f10x.o(i.SetSysClock)
    i.SetSysClockTo72                        0x08003b20   Section        0  system_air32f10x.o(i.SetSysClockTo72)
    SetSysClockTo72                          0x08003b21   Thumb Code   214  system_air32f10x.o(i.SetSysClockTo72)
    i.Show_Signal                            0x08003c00   Section        0  lcd_displayinformation.o(i.Show_Signal)
    i.Shut_Down                              0x08003c74   Section        0  power_en.o(i.Shut_Down)
    i.Shut_Down_Init                         0x08003c88   Section        0  power_en.o(i.Shut_Down_Init)
    i.Signal_Value_Check                     0x08003cb0   Section        0  bc260y.o(i.Signal_Value_Check)
    i.Start_Send_UartData                    0x08003d58   Section        0  hlw8110.o(i.Start_Send_UartData)
    i.Stm32_Clock_Init                       0x08003d88   Section        0  sys.o(i.Stm32_Clock_Init)
    i.SysTick_Handler                        0x08003e14   Section        0  air32f10x_it.o(i.SysTick_Handler)
    i.SystemInit                             0x08003e18   Section        0  system_air32f10x.o(i.SystemInit)
    i.TIM3_IRQHandler                        0x08003e78   Section        0  timer.o(i.TIM3_IRQHandler)
    i.TIM3_Int_Init                          0x08003ea0   Section        0  timer.o(i.TIM3_Int_Init)
    i.TIM4_IRQHandler                        0x08003ef0   Section        0  timer.o(i.TIM4_IRQHandler)
    i.TIM4_Int_Init                          0x08003f58   Section        0  timer.o(i.TIM4_Int_Init)
    i.Transform                              0x08003fa8   Section        0  lcd_displayinformation.o(i.Transform)
    i.USART1_IRQHandler                      0x08003fd0   Section        0  bc260y.o(i.USART1_IRQHandler)
    i.USART2_IRQHandler                      0x0800400c   Section        0  hlw8110.o(i.USART2_IRQHandler)
    i.USART_Cmd                              0x08004068   Section        0  air32f10x_usart.o(i.USART_Cmd)
    i.USART_ITConfig                         0x08004080   Section        0  air32f10x_usart.o(i.USART_ITConfig)
    i.USART_Init                             0x080040cc   Section        0  air32f10x_usart.o(i.USART_Init)
    i.Uart_HLW8110_Set_Channel_A             0x080041b8   Section        0  hlw8110.o(i.Uart_HLW8110_Set_Channel_A)
    i.Uart_HLW8110_WriteREG_DIS              0x080041f8   Section        0  hlw8110.o(i.Uart_HLW8110_WriteREG_DIS)
    i.Uart_HLW8110_WriteREG_EN               0x08004238   Section        0  hlw8110.o(i.Uart_HLW8110_WriteREG_EN)
    i.Uart_Read_HLW8110_Reg                  0x08004278   Section        0  hlw8110.o(i.Uart_Read_HLW8110_Reg)
    i.Uart_Write_HLW8110_Reg                 0x080042b0   Section        0  hlw8110.o(i.Uart_Write_HLW8110_Reg)
    i.UsageFault_Handler                     0x08004314   Section        0  air32f10x_it.o(i.UsageFault_Handler)
    i.__0sprintf                             0x08004318   Section        0  printfa.o(i.__0sprintf)
    i.__scatterload_copy                     0x08004340   Section       14  handlers.o(i.__scatterload_copy)
    i.__scatterload_null                     0x0800434e   Section        2  handlers.o(i.__scatterload_null)
    i.__scatterload_zeroinit                 0x08004350   Section       14  handlers.o(i.__scatterload_zeroinit)
    i._fp_digits                             0x08004360   Section        0  printfa.o(i._fp_digits)
    _fp_digits                               0x08004361   Thumb Code   366  printfa.o(i._fp_digits)
    i._printf_core                           0x080044e4   Section        0  printfa.o(i._printf_core)
    _printf_core                             0x080044e5   Thumb Code  1704  printfa.o(i._printf_core)
    i._printf_post_padding                   0x08004b98   Section        0  printfa.o(i._printf_post_padding)
    _printf_post_padding                     0x08004b99   Thumb Code    36  printfa.o(i._printf_post_padding)
    i._printf_pre_padding                    0x08004bbc   Section        0  printfa.o(i._printf_pre_padding)
    _printf_pre_padding                      0x08004bbd   Thumb Code    46  printfa.o(i._printf_pre_padding)
    i._sputc                                 0x08004bea   Section        0  printfa.o(i._sputc)
    _sputc                                   0x08004beb   Thumb Code    10  printfa.o(i._sputc)
    i.battery_EN                             0x08004bf4   Section        0  battery.o(i.battery_EN)
    i.delay_init                             0x08004c2c   Section        0  delay.o(i.delay_init)
    i.delay_ms                               0x08004c6c   Section        0  delay.o(i.delay_ms)
    i.main                                   0x08004ca8   Section        0  main.o(i.main)
    i.relay_Init                             0x08004f88   Section        0  relay.o(i.relay_Init)
    i.relay_ON                               0x08004fc0   Section        0  relay.o(i.relay_ON)
    i.uart1_init                             0x08004fdc   Section        0  usart.o(i.uart1_init)
    i.uart2_init                             0x08005094   Section        0  usart.o(i.uart2_init)
    .constdata                               0x08005170   Section     6332  gui.o(.constdata)
    .data                                    0x20000000   Section        4  delay.o(.data)
    fac_us                                   0x20000000   Data           1  delay.o(.data)
    fac_ms                                   0x20000002   Data           2  delay.o(.data)
    .data                                    0x20000004   Section       20  air32f10x_rcc.o(.data)
    APBAHBPrescTable                         0x20000004   Data          16  air32f10x_rcc.o(.data)
    ADCPrescTable                            0x20000014   Data           4  air32f10x_rcc.o(.data)
    .data                                    0x20000018   Section       15  bc260y.o(.data)
    progress                                 0x20000026   Data           1  bc260y.o(.data)
    .data                                    0x20000028   Section      200  hlw8110.o(.data)
    .data                                    0x200000f0   Section       14  battery.o(.data)
    shutdown                                 0x200000fd   Data           1  battery.o(.data)
    .data                                    0x200000fe   Section        1  relay.o(.data)
    .data                                    0x200000ff   Section        2  timer.o(.data)
    .data                                    0x20000102   Section        8  main.o(.data)
    i                                        0x20000109   Data           1  main.o(.data)
    .bss                                     0x2000010c   Section     1024  stmflash.o(.bss)
    .bss                                     0x2000050c   Section      410  bc260y.o(.bss)
    .bss                                     0x200006a6   Section       20  hlw8110.o(.bss)
    STACK                                    0x200006c0   Section     1024  startup_air32f10x.o(STACK)

    Global Symbols

    Symbol Name                              Value     Ov Type        Size  Object(Section)

    BuildAttributes$$THM_ISAv4$P$D$K$B$S$PE$A:L22UL41UL21$X:L11$S22US41US21$IEEE1$IW$USESV6$~STKCKD$USESV7$~SHL$OTIME$ROPI$EBA8$MICROLIB$REQ8$PRES8$EABIv2 0x00000000   Number         0  anon$$obj.o ABSOLUTE
    __ARM_use_no_argv                        0x00000000   Number         0  main.o ABSOLUTE
    __use_no_errno                           0x00000000   Number         0  useno.o ABSOLUTE
    __use_no_exception_handling              0x00000000   Number         0  useno.o ABSOLUTE
    __use_no_fp                              0x00000000   Number         0  useno.o ABSOLUTE
    __use_no_heap                            0x00000000   Number         0  useno.o ABSOLUTE
    __use_no_heap_region                     0x00000000   Number         0  useno.o ABSOLUTE
    __use_no_semihosting                     0x00000000   Number         0  useno.o ABSOLUTE
    __use_no_semihosting_swi                 0x00000000   Number         0  useno.o ABSOLUTE
    __use_no_signal_handling                 0x00000000   Number         0  useno.o ABSOLUTE
    _printf_a                                0x00000000   Number         0  stubs.o ABSOLUTE
    _printf_c                                0x00000000   Number         0  stubs.o ABSOLUTE
    _printf_charcount                        0x00000000   Number         0  stubs.o ABSOLUTE
    _printf_d                                0x00000000   Number         0  stubs.o ABSOLUTE
    _printf_e                                0x00000000   Number         0  stubs.o ABSOLUTE
    _printf_f                                0x00000000   Number         0  stubs.o ABSOLUTE
    _printf_flags                            0x00000000   Number         0  stubs.o ABSOLUTE
    _printf_fp_dec                           0x00000000   Number         0  stubs.o ABSOLUTE
    _printf_fp_hex                           0x00000000   Number         0  stubs.o ABSOLUTE
    _printf_g                                0x00000000   Number         0  stubs.o ABSOLUTE
    _printf_i                                0x00000000   Number         0  stubs.o ABSOLUTE
    _printf_int_dec                          0x00000000   Number         0  stubs.o ABSOLUTE
    _printf_l                                0x00000000   Number         0  stubs.o ABSOLUTE
    _printf_lc                               0x00000000   Number         0  stubs.o ABSOLUTE
    _printf_ll                               0x00000000   Number         0  stubs.o ABSOLUTE
    _printf_lld                              0x00000000   Number         0  stubs.o ABSOLUTE
    _printf_lli                              0x00000000   Number         0  stubs.o ABSOLUTE
    _printf_llo                              0x00000000   Number         0  stubs.o ABSOLUTE
    _printf_llu                              0x00000000   Number         0  stubs.o ABSOLUTE
    _printf_llx                              0x00000000   Number         0  stubs.o ABSOLUTE
    _printf_longlong_dec                     0x00000000   Number         0  stubs.o ABSOLUTE
    _printf_longlong_hex                     0x00000000   Number         0  stubs.o ABSOLUTE
    _printf_longlong_oct                     0x00000000   Number         0  stubs.o ABSOLUTE
    _printf_ls                               0x00000000   Number         0  stubs.o ABSOLUTE
    _printf_mbtowc                           0x00000000   Number         0  stubs.o ABSOLUTE
    _printf_n                                0x00000000   Number         0  stubs.o ABSOLUTE
    _printf_o                                0x00000000   Number         0  stubs.o ABSOLUTE
    _printf_p                                0x00000000   Number         0  stubs.o ABSOLUTE
    _printf_percent                          0x00000000   Number         0  stubs.o ABSOLUTE
    _printf_pre_padding                      0x00000000   Number         0  stubs.o ABSOLUTE
    _printf_return_value                     0x00000000   Number         0  stubs.o ABSOLUTE
    _printf_s                                0x00000000   Number         0  stubs.o ABSOLUTE
    _printf_sizespec                         0x00000000   Number         0  stubs.o ABSOLUTE
    _printf_str                              0x00000000   Number         0  stubs.o ABSOLUTE
    _printf_truncate_signed                  0x00000000   Number         0  stubs.o ABSOLUTE
    _printf_truncate_unsigned                0x00000000   Number         0  stubs.o ABSOLUTE
    _printf_u                                0x00000000   Number         0  stubs.o ABSOLUTE
    _printf_wc                               0x00000000   Number         0  stubs.o ABSOLUTE
    _printf_wctomb                           0x00000000   Number         0  stubs.o ABSOLUTE
    _printf_widthprec                        0x00000000   Number         0  stubs.o ABSOLUTE
    _printf_x                                0x00000000   Number         0  stubs.o ABSOLUTE
    __arm_fini_                               - Undefined Weak Reference
    __cpp_initialize__aeabi_                  - Undefined Weak Reference
    __cxa_finalize                            - Undefined Weak Reference
    __decompress                              - Undefined Weak Reference
    _clock_init                               - Undefined Weak Reference
    _microlib_exit                            - Undefined Weak Reference
    __Vectors_Size                           0x00000220   Number         0  startup_air32f10x.o ABSOLUTE
    __Vectors                                0x08000000   Data           4  startup_air32f10x.o(RESET)
    __Vectors_End                            0x08000220   Data           0  startup_air32f10x.o(RESET)
    __main                                   0x08000221   Thumb Code     0  entry.o(.ARM.Collect$$$$00000000)
    _main_stk                                0x08000221   Thumb Code     0  entry2.o(.ARM.Collect$$$$00000001)
    _main_scatterload                        0x08000225   Thumb Code     0  entry5.o(.ARM.Collect$$$$00000004)
    __main_after_scatterload                 0x08000229   Thumb Code     0  entry5.o(.ARM.Collect$$$$00000004)
    _main_clock                              0x08000229   Thumb Code     0  entry7b.o(.ARM.Collect$$$$00000008)
    _main_cpp_init                           0x08000229   Thumb Code     0  entry8b.o(.ARM.Collect$$$$0000000A)
    _main_init                               0x08000229   Thumb Code     0  entry9a.o(.ARM.Collect$$$$0000000B)
    __rt_lib_shutdown_fini                   0x08000231   Thumb Code     0  entry12b.o(.ARM.Collect$$$$0000000E)
    __rt_final_cpp                           0x08000235   Thumb Code     0  entry10a.o(.ARM.Collect$$$$0000000F)
    __rt_final_exit                          0x08000235   Thumb Code     0  entry11a.o(.ARM.Collect$$$$00000011)
    BOOT_RAM                                 0x08000239   Thumb Code     8  startup_air32f10x.o(.text)
    Reset_Handler                            0x08000241   Thumb Code    46  startup_air32f10x.o(.text)
    ADC1_2_IRQHandler                        0x08000281   Thumb Code     0  startup_air32f10x.o(.text)
    ADC3_IRQHandler                          0x08000281   Thumb Code     0  startup_air32f10x.o(.text)
    CAN1_RX1_IRQHandler                      0x08000281   Thumb Code     0  startup_air32f10x.o(.text)
    CAN1_SCE_IRQHandler                      0x08000281   Thumb Code     0  startup_air32f10x.o(.text)
    DMA1_Channel1_IRQHandler                 0x08000281   Thumb Code     0  startup_air32f10x.o(.text)
    DMA1_Channel2_IRQHandler                 0x08000281   Thumb Code     0  startup_air32f10x.o(.text)
    DMA1_Channel3_IRQHandler                 0x08000281   Thumb Code     0  startup_air32f10x.o(.text)
    DMA1_Channel4_IRQHandler                 0x08000281   Thumb Code     0  startup_air32f10x.o(.text)
    DMA1_Channel5_IRQHandler                 0x08000281   Thumb Code     0  startup_air32f10x.o(.text)
    DMA1_Channel6_IRQHandler                 0x08000281   Thumb Code     0  startup_air32f10x.o(.text)
    DMA1_Channel7_IRQHandler                 0x08000281   Thumb Code     0  startup_air32f10x.o(.text)
    DMA2_Channel1_IRQHandler                 0x08000281   Thumb Code     0  startup_air32f10x.o(.text)
    DMA2_Channel2_IRQHandler                 0x08000281   Thumb Code     0  startup_air32f10x.o(.text)
    DMA2_Channel3_IRQHandler                 0x08000281   Thumb Code     0  startup_air32f10x.o(.text)
    DMA2_Channel4_5_IRQHandler               0x08000281   Thumb Code     0  startup_air32f10x.o(.text)
    EXTI0_IRQHandler                         0x08000281   Thumb Code     0  startup_air32f10x.o(.text)
    EXTI15_10_IRQHandler                     0x08000281   Thumb Code     0  startup_air32f10x.o(.text)
    EXTI1_IRQHandler                         0x08000281   Thumb Code     0  startup_air32f10x.o(.text)
    EXTI2_IRQHandler                         0x08000281   Thumb Code     0  startup_air32f10x.o(.text)
    EXTI3_IRQHandler                         0x08000281   Thumb Code     0  startup_air32f10x.o(.text)
    EXTI4_IRQHandler                         0x08000281   Thumb Code     0  startup_air32f10x.o(.text)
    FLASH_IRQHandler                         0x08000281   Thumb Code     0  startup_air32f10x.o(.text)
    FSMC_IRQHandler                          0x08000281   Thumb Code     0  startup_air32f10x.o(.text)
    I2C1_ER_IRQHandler                       0x08000281   Thumb Code     0  startup_air32f10x.o(.text)
    I2C1_EV_IRQHandler                       0x08000281   Thumb Code     0  startup_air32f10x.o(.text)
    I2C2_ER_IRQHandler                       0x08000281   Thumb Code     0  startup_air32f10x.o(.text)
    I2C2_EV_IRQHandler                       0x08000281   Thumb Code     0  startup_air32f10x.o(.text)
    PVD_IRQHandler                           0x08000281   Thumb Code     0  startup_air32f10x.o(.text)
    RCC_IRQHandler                           0x08000281   Thumb Code     0  startup_air32f10x.o(.text)
    RNG_IRQHandler                           0x08000281   Thumb Code     0  startup_air32f10x.o(.text)
    RTCAlarm_IRQHandler                      0x08000281   Thumb Code     0  startup_air32f10x.o(.text)
    RTC_IRQHandler                           0x08000281   Thumb Code     0  startup_air32f10x.o(.text)
    SDIO_IRQHandler                          0x08000281   Thumb Code     0  startup_air32f10x.o(.text)
    SENSOR_IRQHandler                        0x08000281   Thumb Code     0  startup_air32f10x.o(.text)
    SPI1_IRQHandler                          0x08000281   Thumb Code     0  startup_air32f10x.o(.text)
    SPI2_IRQHandler                          0x08000281   Thumb Code     0  startup_air32f10x.o(.text)
    SPI3_IRQHandler                          0x08000281   Thumb Code     0  startup_air32f10x.o(.text)
    SYMC_IRQHandler                          0x08000281   Thumb Code     0  startup_air32f10x.o(.text)
    TAMPER_IRQHandler                        0x08000281   Thumb Code     0  startup_air32f10x.o(.text)
    TIM1_BRK_IRQHandler                      0x08000281   Thumb Code     0  startup_air32f10x.o(.text)
    TIM1_CC_IRQHandler                       0x08000281   Thumb Code     0  startup_air32f10x.o(.text)
    TIM1_TRG_COM_IRQHandler                  0x08000281   Thumb Code     0  startup_air32f10x.o(.text)
    TIM1_UP_IRQHandler                       0x08000281   Thumb Code     0  startup_air32f10x.o(.text)
    TIM2_IRQHandler                          0x08000281   Thumb Code     0  startup_air32f10x.o(.text)
    TIM5_IRQHandler                          0x08000281   Thumb Code     0  startup_air32f10x.o(.text)
    TIM6_IRQHandler                          0x08000281   Thumb Code     0  startup_air32f10x.o(.text)
    TIM7_IRQHandler                          0x08000281   Thumb Code     0  startup_air32f10x.o(.text)
    TIM8_BRK_IRQHandler                      0x08000281   Thumb Code     0  startup_air32f10x.o(.text)
    TIM8_CC_IRQHandler                       0x08000281   Thumb Code     0  startup_air32f10x.o(.text)
    TIM8_TRG_COM_IRQHandler                  0x08000281   Thumb Code     0  startup_air32f10x.o(.text)
    TIM8_UP_IRQHandler                       0x08000281   Thumb Code     0  startup_air32f10x.o(.text)
    UART4_IRQHandler                         0x08000281   Thumb Code     0  startup_air32f10x.o(.text)
    UART5_IRQHandler                         0x08000281   Thumb Code     0  startup_air32f10x.o(.text)
    USART3_IRQHandler                        0x08000281   Thumb Code     0  startup_air32f10x.o(.text)
    USBWakeUp_IRQHandler                     0x08000281   Thumb Code     0  startup_air32f10x.o(.text)
    USB_HP_CAN1_TX_IRQHandler                0x08000281   Thumb Code     0  startup_air32f10x.o(.text)
    USB_LP_CAN1_RX0_IRQHandler               0x08000281   Thumb Code     0  startup_air32f10x.o(.text)
    WWDG_IRQHandler                          0x08000281   Thumb Code     0  startup_air32f10x.o(.text)
    __aeabi_memcpy                           0x080002a9   Thumb Code    36  memcpya.o(.text)
    __aeabi_memcpy4                          0x080002a9   Thumb Code     0  memcpya.o(.text)
    __aeabi_memcpy8                          0x080002a9   Thumb Code     0  memcpya.o(.text)
    strcat                                   0x080002cd   Thumb Code    24  strcat.o(.text)
    strstr                                   0x080002e5   Thumb Code    36  strstr.o(.text)
    strlen                                   0x08000309   Thumb Code    14  strlen.o(.text)
    strcpy                                   0x08000317   Thumb Code    18  strcpy.o(.text)
    __aeabi_fadd                             0x08000329   Thumb Code   164  fadd.o(.text)
    __aeabi_fsub                             0x080003cd   Thumb Code     6  fadd.o(.text)
    __aeabi_frsub                            0x080003d3   Thumb Code     6  fadd.o(.text)
    __aeabi_fmul                             0x080003d9   Thumb Code   100  fmul.o(.text)
    __aeabi_fdiv                             0x0800043d   Thumb Code   124  fdiv.o(.text)
    __aeabi_dadd                             0x080004b9   Thumb Code   322  dadd.o(.text)
    __aeabi_dsub                             0x080005fb   Thumb Code     6  dadd.o(.text)
    __aeabi_drsub                            0x08000601   Thumb Code     6  dadd.o(.text)
    __aeabi_dmul                             0x08000607   Thumb Code   228  dmul.o(.text)
    __aeabi_ddiv                             0x080006eb   Thumb Code   222  ddiv.o(.text)
    __aeabi_ui2f                             0x080007c9   Thumb Code    10  ffltui.o(.text)
    __aeabi_f2uiz                            0x080007d3   Thumb Code    40  ffixui.o(.text)
    __aeabi_d2uiz                            0x080007fb   Thumb Code    50  dfixui.o(.text)
    __aeabi_f2d                              0x0800082d   Thumb Code    38  f2d.o(.text)
    __aeabi_cdcmpeq                          0x08000855   Thumb Code     0  cdcmple.o(.text)
    __aeabi_cdcmple                          0x08000855   Thumb Code    48  cdcmple.o(.text)
    __aeabi_cdrcmple                         0x08000885   Thumb Code    48  cdrcmple.o(.text)
    __aeabi_d2f                              0x080008b5   Thumb Code    56  d2f.o(.text)
    __aeabi_cfcmpeq                          0x080008ed   Thumb Code     0  cfcmple.o(.text)
    __aeabi_cfcmple                          0x080008ed   Thumb Code    20  cfcmple.o(.text)
    __aeabi_uidiv                            0x08000901   Thumb Code     0  uidiv.o(.text)
    __aeabi_uidivmod                         0x08000901   Thumb Code    44  uidiv.o(.text)
    __aeabi_uldivmod                         0x0800092d   Thumb Code    98  uldiv.o(.text)
    __aeabi_llsl                             0x0800098f   Thumb Code    30  llshl.o(.text)
    _ll_shift_l                              0x0800098f   Thumb Code     0  llshl.o(.text)
    __aeabi_llsr                             0x080009ad   Thumb Code    32  llushr.o(.text)
    _ll_ushift_r                             0x080009ad   Thumb Code     0  llushr.o(.text)
    __aeabi_lasr                             0x080009cd   Thumb Code    36  llsshr.o(.text)
    _ll_sshift_r                             0x080009cd   Thumb Code     0  llsshr.o(.text)
    __I$use$fp                               0x080009f1   Thumb Code     0  iusefp.o(.text)
    _float_round                             0x080009f1   Thumb Code    18  fepilogue.o(.text)
    _float_epilogue                          0x08000a03   Thumb Code    92  fepilogue.o(.text)
    _double_round                            0x08000a5f   Thumb Code    30  depilogue.o(.text)
    _double_epilogue                         0x08000a7d   Thumb Code   156  depilogue.o(.text)
    __aeabi_d2ulz                            0x08000b19   Thumb Code    48  dfixul.o(.text)
    __scatterload                            0x08000b49   Thumb Code    28  init.o(.text)
    __scatterload_rt2                        0x08000b49   Thumb Code     0  init.o(.text)
    ADC_Cmd                                  0x08000b6d   Thumb Code    22  air32f10x_adc.o(i.ADC_Cmd)
    ADC_DeInit                               0x08000b85   Thumb Code    78  air32f10x_adc.o(i.ADC_DeInit)
    ADC_GetCalibrationStatus                 0x08000be1   Thumb Code    20  air32f10x_adc.o(i.ADC_GetCalibrationStatus)
    ADC_GetConversionValue                   0x08000bf5   Thumb Code     8  air32f10x_adc.o(i.ADC_GetConversionValue)
    ADC_GetFlagStatus                        0x08000bfd   Thumb Code    18  air32f10x_adc.o(i.ADC_GetFlagStatus)
    ADC_GetResetCalibrationStatus            0x08000c0f   Thumb Code    20  air32f10x_adc.o(i.ADC_GetResetCalibrationStatus)
    ADC_Init                                 0x08000c25   Thumb Code    70  air32f10x_adc.o(i.ADC_Init)
    ADC_RegularChannelConfig                 0x08000c75   Thumb Code   184  air32f10x_adc.o(i.ADC_RegularChannelConfig)
    ADC_ResetCalibration                     0x08000d2d   Thumb Code    10  air32f10x_adc.o(i.ADC_ResetCalibration)
    ADC_SoftwareStartConvCmd                 0x08000d37   Thumb Code    22  air32f10x_adc.o(i.ADC_SoftwareStartConvCmd)
    ADC_StartCalibration                     0x08000d4d   Thumb Code    10  air32f10x_adc.o(i.ADC_StartCalibration)
    ADC_TempSensorVrefintCmd                 0x08000d59   Thumb Code    30  air32f10x_adc.o(i.ADC_TempSensorVrefintCmd)
    AD_GetValue                              0x08000d7d   Thumb Code    52  battery.o(i.AD_GetValue)
    Adc_Init                                 0x08000db5   Thumb Code   138  battery.o(i.Adc_Init)
    BC260Y_Notify                            0x08000e49   Thumb Code    74  bc260y.o(i.BC260Y_Notify)
    BusFault_Handler                         0x08000ea1   Thumb Code     4  air32f10x_it.o(i.BusFault_Handler)
    Calculate_HLW8110_MeterData              0x08000ea5   Thumb Code    40  hlw8110.o(i.Calculate_HLW8110_MeterData)
    Check_WriteReg_Success                   0x08000ecd   Thumb Code   184  hlw8110.o(i.Check_WriteReg_Success)
    Clear_Buf_CMD                            0x08000f9d   Thumb Code    20  bc260y.o(i.Clear_Buf_CMD)
    Clear_RxBuf                              0x08000fb1   Thumb Code    34  hlw8110.o(i.Clear_RxBuf)
    Clear_temp                               0x08000fe5   Thumb Code    20  lcd_displayinformation.o(i.Clear_temp)
    Data_Processing                          0x08000ff9   Thumb Code   606  bc260y.o(i.Data_Processing)
    DebugMon_Handler                         0x08001431   Thumb Code     2  air32f10x_it.o(i.DebugMon_Handler)
    DisplayMenu                              0x08001435   Thumb Code   122  lcd_displayinformation.o(i.DisplayMenu)
    DisplayParameter                         0x080014c5   Thumb Code   346  lcd_displayinformation.o(i.DisplayParameter)
    EXTI9_5_IRQHandler                       0x08001649   Thumb Code   112  exti.o(i.EXTI9_5_IRQHandler)
    EXTIX_Init                               0x080016c1   Thumb Code   132  exti.o(i.EXTIX_Init)
    EXTI_ClearITPendingBit                   0x08001745   Thumb Code     6  air32f10x_exti.o(i.EXTI_ClearITPendingBit)
    EXTI_Init                                0x08001751   Thumb Code   142  air32f10x_exti.o(i.EXTI_Init)
    E_Clear_Init                             0x080017e5   Thumb Code    40  e_meter_crt.o(i.E_Clear_Init)
    E_Data_Clear                             0x08001811   Thumb Code    18  e_meter_crt.o(i.E_Data_Clear)
    E_Data_Read                              0x08001829   Thumb Code    22  e_meter_crt.o(i.E_Data_Read)
    E_Data_Write                             0x08001845   Thumb Code    30  e_meter_crt.o(i.E_Data_Write)
    FLASH_ErasePage                          0x0800186d   Thumb Code    72  air32f10x_flash.o(i.FLASH_ErasePage)
    FLASH_GetBank1Status                     0x080018b9   Thumb Code    48  air32f10x_flash.o(i.FLASH_GetBank1Status)
    FLASH_Lock                               0x080018ed   Thumb Code    14  air32f10x_flash.o(i.FLASH_Lock)
    FLASH_ProgramHalfWord                    0x08001901   Thumb Code    60  air32f10x_flash.o(i.FLASH_ProgramHalfWord)
    FLASH_Unlock                             0x08001941   Thumb Code    12  air32f10x_flash.o(i.FLASH_Unlock)
    FLASH_WaitForLastOperation               0x08001959   Thumb Code    38  air32f10x_flash.o(i.FLASH_WaitForLastOperation)
    GPIO_EXTILineConfig                      0x08001981   Thumb Code    60  air32f10x_gpio.o(i.GPIO_EXTILineConfig)
    GPIO_Init                                0x080019c1   Thumb Code   278  air32f10x_gpio.o(i.GPIO_Init)
    GPIO_ReadInputDataBit                    0x08001ad7   Thumb Code    18  air32f10x_gpio.o(i.GPIO_ReadInputDataBit)
    GPIO_ResetBits                           0x08001ae9   Thumb Code     4  air32f10x_gpio.o(i.GPIO_ResetBits)
    GPIO_SetBits                             0x08001aed   Thumb Code     4  air32f10x_gpio.o(i.GPIO_SetBits)
    Get_VBAT_Average                         0x08001af1   Thumb Code   338  battery.o(i.Get_VBAT_Average)
    Gui_DrawFont_GBK16                       0x08001c75   Thumb Code   394  gui.o(i.Gui_DrawFont_GBK16)
    Gui_DrawFont_GBK24                       0x08001e09   Thumb Code   176  gui.o(i.Gui_DrawFont_GBK24)
    Gui_DrawPoint                            0x08001ebd   Thumb Code    32  lcd_driver.o(i.Gui_DrawPoint)
    HLW8110_checkSum_Read                    0x08001edd   Thumb Code    46  hlw8110.o(i.HLW8110_checkSum_Read)
    HLW8110_checkSum_Write                   0x08001f15   Thumb Code    34  hlw8110.o(i.HLW8110_checkSum_Write)
    HLW8112_INT_Init                         0x08001f3d   Thumb Code    72  exti.o(i.HLW8112_INT_Init)
    HardFault_Handler                        0x08001f8d   Thumb Code     4  air32f10x_it.o(i.HardFault_Handler)
    IWDG_Enable                              0x08001f91   Thumb Code    10  air32f10x_iwdg.o(i.IWDG_Enable)
    IWDG_Init                                0x08001fa1   Thumb Code    36  iwdg.o(i.IWDG_Init)
    IWDG_ReloadCounter                       0x08001fc5   Thumb Code    10  air32f10x_iwdg.o(i.IWDG_ReloadCounter)
    IWDG_SetPrescaler                        0x08001fd5   Thumb Code     6  air32f10x_iwdg.o(i.IWDG_SetPrescaler)
    IWDG_SetReload                           0x08001fe1   Thumb Code     6  air32f10x_iwdg.o(i.IWDG_SetReload)
    IWDG_WriteAccessCmd                      0x08001fed   Thumb Code     6  air32f10x_iwdg.o(i.IWDG_WriteAccessCmd)
    Init_HLW8110                             0x08001ff9   Thumb Code   180  hlw8110.o(i.Init_HLW8110)
    Judge_CheckSum_HLW8110_Calfactor         0x080020c1   Thumb Code   556  hlw8110.o(i.Judge_CheckSum_HLW8110_Calfactor)
    LCD_GPIO_Init                            0x0800231d   Thumb Code    72  lcd_driver.o(i.LCD_GPIO_Init)
    LCD_WriteData_16Bit                      0x0800236d   Thumb Code    38  lcd_driver.o(i.LCD_WriteData_16Bit)
    Lcd_Clear                                0x0800239d   Thumb Code    50  lcd_driver.o(i.Lcd_Clear)
    Lcd_Init                                 0x080023cf   Thumb Code   546  lcd_driver.o(i.Lcd_Init)
    Lcd_Reset                                0x080025f1   Thumb Code    30  lcd_driver.o(i.Lcd_Reset)
    Lcd_SetRegion                            0x08002615   Thumb Code    82  lcd_driver.o(i.Lcd_SetRegion)
    Lcd_WriteData                            0x08002669   Thumb Code    32  lcd_driver.o(i.Lcd_WriteData)
    Lcd_WriteIndex                           0x08002691   Thumb Code    32  lcd_driver.o(i.Lcd_WriteIndex)
    MYRCC_DeInit                             0x080026b9   Thumb Code    90  sys.o(i.MYRCC_DeInit)
    MY_NVIC_Init                             0x08002721   Thumb Code   116  sys.o(i.MY_NVIC_Init)
    MY_NVIC_PriorityGroupConfig              0x08002799   Thumb Code    32  sys.o(i.MY_NVIC_PriorityGroupConfig)
    MY_NVIC_SetVectorTable                   0x080027c1   Thumb Code    12  sys.o(i.MY_NVIC_SetVectorTable)
    MemManage_Handler                        0x080027d5   Thumb Code     4  air32f10x_it.o(i.MemManage_Handler)
    NB_Rec_Handle                            0x080027d9   Thumb Code  1868  bc260y.o(i.NB_Rec_Handle)
    NMI_Handler                              0x08002f91   Thumb Code     2  air32f10x_it.o(i.NMI_Handler)
    NVIC_Init                                0x08002f95   Thumb Code   100  misc.o(i.NVIC_Init)
    NVIC_PriorityGroupConfig                 0x08003005   Thumb Code    10  misc.o(i.NVIC_PriorityGroupConfig)
    Notify_Control                           0x08003019   Thumb Code   116  bc260y.o(i.Notify_Control)
    PWR_CNT_Clear                            0x0800308d   Thumb Code    18  e_meter_crt.o(i.PWR_CNT_Clear)
    PWR_CNT_Read                             0x080030a5   Thumb Code    22  e_meter_crt.o(i.PWR_CNT_Read)
    PWR_CNT_Write                            0x080030c1   Thumb Code    24  e_meter_crt.o(i.PWR_CNT_Write)
    PendSV_Handler                           0x080030dd   Thumb Code     2  air32f10x_it.o(i.PendSV_Handler)
    Power_ON                                 0x080030e1   Thumb Code    50  power_en.o(i.Power_ON)
    RCC_ADCCLKConfig                         0x08003119   Thumb Code    20  air32f10x_rcc.o(i.RCC_ADCCLKConfig)
    RCC_APB2PeriphClockCmd                   0x08003135   Thumb Code    26  air32f10x_rcc.o(i.RCC_APB2PeriphClockCmd)
    RCC_APB2PeriphResetCmd                   0x08003155   Thumb Code    26  air32f10x_rcc.o(i.RCC_APB2PeriphResetCmd)
    RCC_GetClocksFreq                        0x08003175   Thumb Code   214  air32f10x_rcc.o(i.RCC_GetClocksFreq)
    Read_HLW8110_Angle                       0x08003261   Thumb Code   258  hlw8110.o(i.Read_HLW8110_Angle)
    Read_HLW8110_EA                          0x080033a1   Thumb Code   236  hlw8110.o(i.Read_HLW8110_EA)
    Read_HLW8110_IA                          0x080034b9   Thumb Code   222  hlw8110.o(i.Read_HLW8110_IA)
    Read_HLW8110_LineFreq                    0x080035cd   Thumb Code    94  hlw8110.o(i.Read_HLW8110_LineFreq)
    Read_HLW8110_PA                          0x08003641   Thumb Code   244  hlw8110.o(i.Read_HLW8110_PA)
    Read_HLW8110_PF                          0x0800375d   Thumb Code   146  hlw8110.o(i.Read_HLW8110_PF)
    Read_HLW8110_U                           0x0800380d   Thumb Code   178  hlw8110.o(i.Read_HLW8110_U)
    Read_HLW8112_State                       0x080038e1   Thumb Code    20  hlw8110.o(i.Read_HLW8112_State)
    SPI_WriteData                            0x080038f5   Thumb Code    54  lcd_driver.o(i.SPI_WriteData)
    STMFLASH_Read                            0x08003931   Thumb Code    34  stmflash.o(i.STMFLASH_Read)
    STMFLASH_ReadHalfWord                    0x08003953   Thumb Code     6  stmflash.o(i.STMFLASH_ReadHalfWord)
    STMFLASH_Write                           0x08003959   Thumb Code   222  stmflash.o(i.STMFLASH_Write)
    STMFLASH_Write_NoCheck                   0x08003a41   Thumb Code    38  stmflash.o(i.STMFLASH_Write_NoCheck)
    SVC_Handler                              0x08003a67   Thumb Code     2  air32f10x_it.o(i.SVC_Handler)
    Send_Cmd                                 0x08003a69   Thumb Code   106  bc260y.o(i.Send_Cmd)
    Serial_SendByte                          0x08003ae1   Thumb Code    22  bc260y.o(i.Serial_SendByte)
    Serial_SendString                        0x08003afd   Thumb Code    26  bc260y.o(i.Serial_SendString)
    Show_Signal                              0x08003c01   Thumb Code   102  lcd_displayinformation.o(i.Show_Signal)
    Shut_Down                                0x08003c75   Thumb Code    14  power_en.o(i.Shut_Down)
    Shut_Down_Init                           0x08003c89   Thumb Code    34  power_en.o(i.Shut_Down_Init)
    Signal_Value_Check                       0x08003cb1   Thumb Code   142  bc260y.o(i.Signal_Value_Check)
    Start_Send_UartData                      0x08003d59   Thumb Code    40  hlw8110.o(i.Start_Send_UartData)
    Stm32_Clock_Init                         0x08003d89   Thumb Code   130  sys.o(i.Stm32_Clock_Init)
    SysTick_Handler                          0x08003e15   Thumb Code     2  air32f10x_it.o(i.SysTick_Handler)
    SystemInit                               0x08003e19   Thumb Code    78  system_air32f10x.o(i.SystemInit)
    TIM3_IRQHandler                          0x08003e79   Thumb Code    30  timer.o(i.TIM3_IRQHandler)
    TIM3_Int_Init                            0x08003ea1   Thumb Code    72  timer.o(i.TIM3_Int_Init)
    TIM4_IRQHandler                          0x08003ef1   Thumb Code    86  timer.o(i.TIM4_IRQHandler)
    TIM4_Int_Init                            0x08003f59   Thumb Code    72  timer.o(i.TIM4_Int_Init)
    Transform                                0x08003fa9   Thumb Code    32  lcd_displayinformation.o(i.Transform)
    USART1_IRQHandler                        0x08003fd1   Thumb Code    42  bc260y.o(i.USART1_IRQHandler)
    USART2_IRQHandler                        0x0800400d   Thumb Code    66  hlw8110.o(i.USART2_IRQHandler)
    USART_Cmd                                0x08004069   Thumb Code    24  air32f10x_usart.o(i.USART_Cmd)
    USART_ITConfig                           0x08004081   Thumb Code    74  air32f10x_usart.o(i.USART_ITConfig)
    USART_Init                               0x080040cd   Thumb Code   230  air32f10x_usart.o(i.USART_Init)
    Uart_HLW8110_Set_Channel_A               0x080041b9   Thumb Code    50  hlw8110.o(i.Uart_HLW8110_Set_Channel_A)
    Uart_HLW8110_WriteREG_DIS                0x080041f9   Thumb Code    50  hlw8110.o(i.Uart_HLW8110_WriteREG_DIS)
    Uart_HLW8110_WriteREG_EN                 0x08004239   Thumb Code    50  hlw8110.o(i.Uart_HLW8110_WriteREG_EN)
    Uart_Read_HLW8110_Reg                    0x08004279   Thumb Code    42  hlw8110.o(i.Uart_Read_HLW8110_Reg)
    Uart_Write_HLW8110_Reg                   0x080042b1   Thumb Code    88  hlw8110.o(i.Uart_Write_HLW8110_Reg)
    UsageFault_Handler                       0x08004315   Thumb Code     4  air32f10x_it.o(i.UsageFault_Handler)
    __0sprintf                               0x08004319   Thumb Code    34  printfa.o(i.__0sprintf)
    __1sprintf                               0x08004319   Thumb Code     0  printfa.o(i.__0sprintf)
    __2sprintf                               0x08004319   Thumb Code     0  printfa.o(i.__0sprintf)
    __c89sprintf                             0x08004319   Thumb Code     0  printfa.o(i.__0sprintf)
    sprintf                                  0x08004319   Thumb Code     0  printfa.o(i.__0sprintf)
    __scatterload_copy                       0x08004341   Thumb Code    14  handlers.o(i.__scatterload_copy)
    __scatterload_null                       0x0800434f   Thumb Code     2  handlers.o(i.__scatterload_null)
    __scatterload_zeroinit                   0x08004351   Thumb Code    14  handlers.o(i.__scatterload_zeroinit)
    battery_EN                               0x08004bf5   Thumb Code    50  battery.o(i.battery_EN)
    delay_init                               0x08004c2d   Thumb Code    56  delay.o(i.delay_init)
    delay_ms                                 0x08004c6d   Thumb Code    56  delay.o(i.delay_ms)
    main                                     0x08004ca9   Thumb Code   620  main.o(i.main)
    relay_Init                               0x08004f89   Thumb Code    50  relay.o(i.relay_Init)
    relay_ON                                 0x08004fc1   Thumb Code    20  relay.o(i.relay_ON)
    uart1_init                               0x08004fdd   Thumb Code   174  usart.o(i.uart1_init)
    uart2_init                               0x08005095   Thumb Code   202  usart.o(i.uart2_init)
    asc16                                    0x08005170   Data        1521  gui.o(.constdata)
    asc24                                    0x08005761   Data        4371  gui.o(.constdata)
    sz32                                     0x08006874   Data         128  gui.o(.constdata)
    hz16                                     0x080068f4   Data         238  gui.o(.constdata)
    hz24                                     0x080069e2   Data          74  gui.o(.constdata)
    Region$$Table$$Base                      0x08006a2c   Number         0  anon$$obj.o(Region$$Table)
    Region$$Table$$Limit                     0x08006a4c   Number         0  anon$$obj.o(Region$$Table)
    timer                                    0x20000018   Data          10  bc260y.o(.data)
    u8_RX_Index1                             0x20000022   Data           1  bc260y.o(.data)
    Rx_Data_ING1                             0x20000023   Data           1  bc260y.o(.data)
    onenet_ok                                0x20000024   Data           1  bc260y.o(.data)
    NB_Signal_Value                          0x20000025   Data           1  bc260y.o(.data)
    u8_TX_Length                             0x20000028   Data           1  hlw8110.o(.data)
    u8_RX_Length                             0x20000029   Data           1  hlw8110.o(.data)
    u8_RX_Index                              0x2000002a   Data           1  hlw8110.o(.data)
    B_Rx_Finish                              0x2000002b   Data           1  hlw8110.o(.data)
    B_Rx_Data_ING                            0x2000002c   Data           1  hlw8110.o(.data)
    B_Read_Error                             0x2000002d   Data           1  hlw8110.o(.data)
    U16_TempData                             0x20000030   Data           4  hlw8110.o(.data)
    U16_IFData                               0x20000034   Data           4  hlw8110.o(.data)
    U16_RIFData                              0x20000038   Data           4  hlw8110.o(.data)
    U16_LineFData                            0x2000003c   Data           4  hlw8110.o(.data)
    U16_AngleData                            0x20000040   Data           4  hlw8110.o(.data)
    U16_PFData                               0x20000044   Data           4  hlw8110.o(.data)
    U16_HFConst_RegData                      0x20000048   Data           4  hlw8110.o(.data)
    U16_RMSIAC_RegData                       0x2000004c   Data           4  hlw8110.o(.data)
    U16_RMSIBC_RegData                       0x20000050   Data           4  hlw8110.o(.data)
    U16_RMSUC_RegData                        0x20000054   Data           4  hlw8110.o(.data)
    U16_PowerPAC_RegData                     0x20000058   Data           4  hlw8110.o(.data)
    U16_PowerPBC_RegData                     0x2000005c   Data           4  hlw8110.o(.data)
    U16_PowerSC_RegData                      0x20000060   Data           4  hlw8110.o(.data)
    U16_EnergyAC_RegData                     0x20000064   Data           4  hlw8110.o(.data)
    U16_EnergyBC_RegData                     0x20000068   Data           4  hlw8110.o(.data)
    U16_CheckSUM_RegData                     0x2000006c   Data           4  hlw8110.o(.data)
    U16_CheckSUM_Data                        0x20000070   Data           4  hlw8110.o(.data)
    U16_Check_SysconReg_Data                 0x20000074   Data           4  hlw8110.o(.data)
    U16_Check_EmuconReg_Data                 0x20000078   Data           4  hlw8110.o(.data)
    U16_Check_Emucon2Reg_Data                0x2000007c   Data           4  hlw8110.o(.data)
    U16_OVLVL_RegData                        0x20000080   Data           4  hlw8110.o(.data)
    U16_IE_RegData                           0x20000084   Data           4  hlw8110.o(.data)
    U16_SYSCONData                           0x20000088   Data           4  hlw8110.o(.data)
    U16_EMUCON_RegData                       0x2000008c   Data           4  hlw8110.o(.data)
    U16_EMUCON2_RegData                      0x20000090   Data           4  hlw8110.o(.data)
    U16_INT_RegData                          0x20000094   Data           4  hlw8110.o(.data)
    U16_OIALVL_RegData                       0x20000098   Data           4  hlw8110.o(.data)
    REG_RIF_RegData                          0x2000009c   Data           4  hlw8110.o(.data)
    U32_RMSIA_RegData                        0x200000a0   Data           4  hlw8110.o(.data)
    U32_RMSU_RegData                         0x200000a4   Data           4  hlw8110.o(.data)
    U32_POWERPA_RegData                      0x200000a8   Data           4  hlw8110.o(.data)
    U32_ENERGY_PA_RegData                    0x200000ac   Data           4  hlw8110.o(.data)
    U32_RMSIB_RegData                        0x200000b0   Data           4  hlw8110.o(.data)
    U32_POWERPB_RegData                      0x200000b4   Data           4  hlw8110.o(.data)
    U32_ENERGY_PB_RegData                    0x200000b8   Data           4  hlw8110.o(.data)
    F_AC_V                                   0x200000bc   Data           4  hlw8110.o(.data)
    F_AC_I                                   0x200000c0   Data           4  hlw8110.o(.data)
    F_AC_P                                   0x200000c4   Data           4  hlw8110.o(.data)
    F_AC_E                                   0x200000c8   Data           4  hlw8110.o(.data)
    F_AC_BACKUP_E                            0x200000cc   Data           4  hlw8110.o(.data)
    F_AC_PF                                  0x200000d0   Data           4  hlw8110.o(.data)
    F_Angle                                  0x200000d4   Data           4  hlw8110.o(.data)
    F_AC_I_B                                 0x200000d8   Data           4  hlw8110.o(.data)
    F_AC_P_B                                 0x200000dc   Data           4  hlw8110.o(.data)
    F_AC_E_B                                 0x200000e0   Data           4  hlw8110.o(.data)
    F_AC_BACKUP_E_B                          0x200000e4   Data           4  hlw8110.o(.data)
    F_AC_LINE_Freq                           0x200000e8   Data           4  hlw8110.o(.data)
    LAST_AC_E                                0x200000ec   Data           4  hlw8110.o(.data)
    ADC_BAT_Value                            0x200000f0   Data           4  battery.o(.data)
    ADC_VREFIN_Value                         0x200000f4   Data           4  battery.o(.data)
    VBAT_AVG                                 0x200000f8   Data           4  battery.o(.data)
    BAT_Q                                    0x200000fc   Data           1  battery.o(.data)
    relay_state                              0x200000fe   Data           1  relay.o(.data)
    B_ReadData_HLW8110                       0x200000ff   Data           1  timer.o(.data)
    BC260Y_NOTIFY_CNT                        0x20000100   Data           1  timer.o(.data)
    Timer                                    0x20000102   Data           2  main.o(.data)
    Timer_residue                            0x20000104   Data           2  main.o(.data)
    Timer_residue_BAK                        0x20000106   Data           2  main.o(.data)
    NOTIFY_state                             0x20000108   Data           1  main.o(.data)
    STMFLASH_BUF                             0x2000010c   Data        1024  stmflash.o(.bss)
    u8_RxBuf1                                0x2000050c   Data          50  bc260y.o(.bss)
    message_ID_3316                          0x2000053e   Data          10  bc260y.o(.bss)
    message_ID_3317                          0x20000548   Data          10  bc260y.o(.bss)
    message_ID_3328                          0x20000552   Data          10  bc260y.o(.bss)
    message_ID_3331                          0x2000055c   Data          10  bc260y.o(.bss)
    message_ID_3332                          0x20000566   Data          10  bc260y.o(.bss)
    message_ID_3329                          0x20000570   Data          10  bc260y.o(.bss)
    message_ID_3320                          0x2000057a   Data          10  bc260y.o(.bss)
    message_ID_3338                          0x20000584   Data          10  bc260y.o(.bss)
    message_ID_3341                          0x2000058e   Data          10  bc260y.o(.bss)
    NB_OBSERVERSP_CMD                        0x20000598   Data          50  bc260y.o(.bss)
    NB_DISCOVERRSP_CMD                       0x200005ca   Data          50  bc260y.o(.bss)
    NB_MIPLEXECUTERSP_CMD                    0x200005fc   Data          40  bc260y.o(.bss)
    onenet_order                             0x20000624   Data          10  bc260y.o(.bss)
    NB_NOTIFY_Value_CMD                      0x2000062e   Data          60  bc260y.o(.bss)
    NB_NOTIFY_Unit_CMD                       0x2000066a   Data          60  bc260y.o(.bss)
    u8_TxBuf                                 0x200006a6   Data          10  hlw8110.o(.bss)
    u8_RxBuf                                 0x200006b0   Data          10  hlw8110.o(.bss)
    __initial_sp                             0x20000ac0   Data           0  startup_air32f10x.o(STACK)



==============================================================================

Memory Map of the image

  Image Entry point : 0x08000221

  Load Region LR_IROM1 (Base: 0x08000000, Size: 0x00006b58, Max: 0x00010000, ABSOLUTE)

    Execution Region ER_IROM1 (Exec base: 0x08000000, Load base: 0x08000000, Size: 0x00006a4c, Max: 0x00010000, ABSOLUTE)

    Exec Addr    Load Addr    Size         Type   Attr      Idx    E Section Name        Object

    0x08000000   0x08000000   0x00000220   Data   RO          147    RESET               startup_air32f10x.o
    0x08000220   0x08000220   0x00000000   Code   RO         4282  * .ARM.Collect$$$$00000000  mc_w.l(entry.o)
    0x08000220   0x08000220   0x00000004   Code   RO         4586    .ARM.Collect$$$$00000001  mc_w.l(entry2.o)
    0x08000224   0x08000224   0x00000004   Code   RO         4589    .ARM.Collect$$$$00000004  mc_w.l(entry5.o)
    0x08000228   0x08000228   0x00000000   Code   RO         4591    .ARM.Collect$$$$00000008  mc_w.l(entry7b.o)
    0x08000228   0x08000228   0x00000000   Code   RO         4593    .ARM.Collect$$$$0000000A  mc_w.l(entry8b.o)
    0x08000228   0x08000228   0x00000008   Code   RO         4594    .ARM.Collect$$$$0000000B  mc_w.l(entry9a.o)
    0x08000230   0x08000230   0x00000004   Code   RO         4601    .ARM.Collect$$$$0000000E  mc_w.l(entry12b.o)
    0x08000234   0x08000234   0x00000000   Code   RO         4596    .ARM.Collect$$$$0000000F  mc_w.l(entry10a.o)
    0x08000234   0x08000234   0x00000000   Code   RO         4598    .ARM.Collect$$$$00000011  mc_w.l(entry11a.o)
    0x08000234   0x08000234   0x00000004   Code   RO         4587    .ARM.Collect$$$$00002712  mc_w.l(entry2.o)
    0x08000238   0x08000238   0x00000070   Code   RO          148    .text               startup_air32f10x.o
    0x080002a8   0x080002a8   0x00000024   Code   RO         4285    .text               mc_w.l(memcpya.o)
    0x080002cc   0x080002cc   0x00000018   Code   RO         4287    .text               mc_w.l(strcat.o)
    0x080002e4   0x080002e4   0x00000024   Code   RO         4289    .text               mc_w.l(strstr.o)
    0x08000308   0x08000308   0x0000000e   Code   RO         4291    .text               mc_w.l(strlen.o)
    0x08000316   0x08000316   0x00000012   Code   RO         4293    .text               mc_w.l(strcpy.o)
    0x08000328   0x08000328   0x000000b0   Code   RO         4558    .text               mf_w.l(fadd.o)
    0x080003d8   0x080003d8   0x00000064   Code   RO         4560    .text               mf_w.l(fmul.o)
    0x0800043c   0x0800043c   0x0000007c   Code   RO         4562    .text               mf_w.l(fdiv.o)
    0x080004b8   0x080004b8   0x0000014e   Code   RO         4564    .text               mf_w.l(dadd.o)
    0x08000606   0x08000606   0x000000e4   Code   RO         4566    .text               mf_w.l(dmul.o)
    0x080006ea   0x080006ea   0x000000de   Code   RO         4568    .text               mf_w.l(ddiv.o)
    0x080007c8   0x080007c8   0x0000000a   Code   RO         4570    .text               mf_w.l(ffltui.o)
    0x080007d2   0x080007d2   0x00000028   Code   RO         4572    .text               mf_w.l(ffixui.o)
    0x080007fa   0x080007fa   0x00000032   Code   RO         4574    .text               mf_w.l(dfixui.o)
    0x0800082c   0x0800082c   0x00000026   Code   RO         4576    .text               mf_w.l(f2d.o)
    0x08000852   0x08000852   0x00000002   PAD
    0x08000854   0x08000854   0x00000030   Code   RO         4578    .text               mf_w.l(cdcmple.o)
    0x08000884   0x08000884   0x00000030   Code   RO         4580    .text               mf_w.l(cdrcmple.o)
    0x080008b4   0x080008b4   0x00000038   Code   RO         4582    .text               mf_w.l(d2f.o)
    0x080008ec   0x080008ec   0x00000014   Code   RO         4584    .text               mf_w.l(cfcmple.o)
    0x08000900   0x08000900   0x0000002c   Code   RO         4602    .text               mc_w.l(uidiv.o)
    0x0800092c   0x0800092c   0x00000062   Code   RO         4604    .text               mc_w.l(uldiv.o)
    0x0800098e   0x0800098e   0x0000001e   Code   RO         4606    .text               mc_w.l(llshl.o)
    0x080009ac   0x080009ac   0x00000020   Code   RO         4608    .text               mc_w.l(llushr.o)
    0x080009cc   0x080009cc   0x00000024   Code   RO         4610    .text               mc_w.l(llsshr.o)
    0x080009f0   0x080009f0   0x00000000   Code   RO         4612    .text               mc_w.l(iusefp.o)
    0x080009f0   0x080009f0   0x0000006e   Code   RO         4613    .text               mf_w.l(fepilogue.o)
    0x08000a5e   0x08000a5e   0x000000ba   Code   RO         4615    .text               mf_w.l(depilogue.o)
    0x08000b18   0x08000b18   0x00000030   Code   RO         4617    .text               mf_w.l(dfixul.o)
    0x08000b48   0x08000b48   0x00000024   Code   RO         4619    .text               mc_w.l(init.o)
    0x08000b6c   0x08000b6c   0x00000016   Code   RO          573    i.ADC_Cmd           air32f10x_adc.o
    0x08000b82   0x08000b82   0x00000002   PAD
    0x08000b84   0x08000b84   0x0000005c   Code   RO          575    i.ADC_DeInit        air32f10x_adc.o
    0x08000be0   0x08000be0   0x00000014   Code   RO          581    i.ADC_GetCalibrationStatus  air32f10x_adc.o
    0x08000bf4   0x08000bf4   0x00000008   Code   RO          582    i.ADC_GetConversionValue  air32f10x_adc.o
    0x08000bfc   0x08000bfc   0x00000012   Code   RO          584    i.ADC_GetFlagStatus  air32f10x_adc.o
    0x08000c0e   0x08000c0e   0x00000014   Code   RO          587    i.ADC_GetResetCalibrationStatus  air32f10x_adc.o
    0x08000c22   0x08000c22   0x00000002   PAD
    0x08000c24   0x08000c24   0x00000050   Code   RO          591    i.ADC_Init          air32f10x_adc.o
    0x08000c74   0x08000c74   0x000000b8   Code   RO          595    i.ADC_RegularChannelConfig  air32f10x_adc.o
    0x08000d2c   0x08000d2c   0x0000000a   Code   RO          596    i.ADC_ResetCalibration  air32f10x_adc.o
    0x08000d36   0x08000d36   0x00000016   Code   RO          598    i.ADC_SoftwareStartConvCmd  air32f10x_adc.o
    0x08000d4c   0x08000d4c   0x0000000a   Code   RO          600    i.ADC_StartCalibration  air32f10x_adc.o
    0x08000d56   0x08000d56   0x00000002   PAD
    0x08000d58   0x08000d58   0x00000024   Code   RO          602    i.ADC_TempSensorVrefintCmd  air32f10x_adc.o
    0x08000d7c   0x08000d7c   0x00000038   Code   RO         3841    i.AD_GetValue       battery.o
    0x08000db4   0x08000db4   0x00000094   Code   RO         3842    i.Adc_Init          battery.o
    0x08000e48   0x08000e48   0x00000058   Code   RO         3547    i.BC260Y_Notify     bc260y.o
    0x08000ea0   0x08000ea0   0x00000004   Code   RO         4179    i.BusFault_Handler  air32f10x_it.o
    0x08000ea4   0x08000ea4   0x00000028   Code   RO         3663    i.Calculate_HLW8110_MeterData  hlw8110.o
    0x08000ecc   0x08000ecc   0x000000d0   Code   RO         3664    i.Check_WriteReg_Success  hlw8110.o
    0x08000f9c   0x08000f9c   0x00000014   Code   RO         3548    i.Clear_Buf_CMD     bc260y.o
    0x08000fb0   0x08000fb0   0x00000034   Code   RO         3665    i.Clear_RxBuf       hlw8110.o
    0x08000fe4   0x08000fe4   0x00000014   Code   RO         3964    i.Clear_temp        lcd_displayinformation.o
    0x08000ff8   0x08000ff8   0x00000438   Code   RO         3550    i.Data_Processing   bc260y.o
    0x08001430   0x08001430   0x00000002   Code   RO         4180    i.DebugMon_Handler  air32f10x_it.o
    0x08001432   0x08001432   0x00000002   PAD
    0x08001434   0x08001434   0x00000090   Code   RO         3965    i.DisplayMenu       lcd_displayinformation.o
    0x080014c4   0x080014c4   0x00000184   Code   RO         3966    i.DisplayParameter  lcd_displayinformation.o
    0x08001648   0x08001648   0x00000078   Code   RO          255    i.EXTI9_5_IRQHandler  exti.o
    0x080016c0   0x080016c0   0x00000084   Code   RO          256    i.EXTIX_Init        exti.o
    0x08001744   0x08001744   0x0000000c   Code   RO         1245    i.EXTI_ClearITPendingBit  air32f10x_exti.o
    0x08001750   0x08001750   0x00000094   Code   RO         1250    i.EXTI_Init         air32f10x_exti.o
    0x080017e4   0x080017e4   0x0000002c   Code   RO          197    i.E_Clear_Init      e_meter_crt.o
    0x08001810   0x08001810   0x00000018   Code   RO          198    i.E_Data_Clear      e_meter_crt.o
    0x08001828   0x08001828   0x0000001c   Code   RO          199    i.E_Data_Read       e_meter_crt.o
    0x08001844   0x08001844   0x00000028   Code   RO          200    i.E_Data_Write      e_meter_crt.o
    0x0800186c   0x0800186c   0x0000004c   Code   RO         1304    i.FLASH_ErasePage   air32f10x_flash.o
    0x080018b8   0x080018b8   0x00000034   Code   RO         1305    i.FLASH_GetBank1Status  air32f10x_flash.o
    0x080018ec   0x080018ec   0x00000014   Code   RO         1314    i.FLASH_Lock        air32f10x_flash.o
    0x08001900   0x08001900   0x00000040   Code   RO         1317    i.FLASH_ProgramHalfWord  air32f10x_flash.o
    0x08001940   0x08001940   0x00000018   Code   RO         1322    i.FLASH_Unlock      air32f10x_flash.o
    0x08001958   0x08001958   0x00000026   Code   RO         1326    i.FLASH_WaitForLastOperation  air32f10x_flash.o
    0x0800197e   0x0800197e   0x00000002   PAD
    0x08001980   0x08001980   0x00000040   Code   RO         1599    i.GPIO_EXTILineConfig  air32f10x_gpio.o
    0x080019c0   0x080019c0   0x00000116   Code   RO         1605    i.GPIO_Init         air32f10x_gpio.o
    0x08001ad6   0x08001ad6   0x00000012   Code   RO         1609    i.GPIO_ReadInputDataBit  air32f10x_gpio.o
    0x08001ae8   0x08001ae8   0x00000004   Code   RO         1612    i.GPIO_ResetBits    air32f10x_gpio.o
    0x08001aec   0x08001aec   0x00000004   Code   RO         1613    i.GPIO_SetBits      air32f10x_gpio.o
    0x08001af0   0x08001af0   0x00000184   Code   RO         3843    i.Get_VBAT_Average  battery.o
    0x08001c74   0x08001c74   0x00000194   Code   RO         3884    i.Gui_DrawFont_GBK16  gui.o
    0x08001e08   0x08001e08   0x000000b4   Code   RO         3885    i.Gui_DrawFont_GBK24  gui.o
    0x08001ebc   0x08001ebc   0x00000020   Code   RO         4010    i.Gui_DrawPoint     lcd_driver.o
    0x08001edc   0x08001edc   0x00000038   Code   RO         3666    i.HLW8110_checkSum_Read  hlw8110.o
    0x08001f14   0x08001f14   0x00000028   Code   RO         3667    i.HLW8110_checkSum_Write  hlw8110.o
    0x08001f3c   0x08001f3c   0x00000050   Code   RO          257    i.HLW8112_INT_Init  exti.o
    0x08001f8c   0x08001f8c   0x00000004   Code   RO         4181    i.HardFault_Handler  air32f10x_it.o
    0x08001f90   0x08001f90   0x00000010   Code   RO         1932    i.IWDG_Enable       air32f10x_iwdg.o
    0x08001fa0   0x08001fa0   0x00000024   Code   RO          555    i.IWDG_Init         iwdg.o
    0x08001fc4   0x08001fc4   0x00000010   Code   RO         1934    i.IWDG_ReloadCounter  air32f10x_iwdg.o
    0x08001fd4   0x08001fd4   0x0000000c   Code   RO         1935    i.IWDG_SetPrescaler  air32f10x_iwdg.o
    0x08001fe0   0x08001fe0   0x0000000c   Code   RO         1936    i.IWDG_SetReload    air32f10x_iwdg.o
    0x08001fec   0x08001fec   0x0000000c   Code   RO         1937    i.IWDG_WriteAccessCmd  air32f10x_iwdg.o
    0x08001ff8   0x08001ff8   0x000000c8   Code   RO         3668    i.Init_HLW8110      hlw8110.o
    0x080020c0   0x080020c0   0x0000025c   Code   RO         3669    i.Judge_CheckSum_HLW8110_Calfactor  hlw8110.o
    0x0800231c   0x0800231c   0x00000050   Code   RO         4011    i.LCD_GPIO_Init     lcd_driver.o
    0x0800236c   0x0800236c   0x00000030   Code   RO         4012    i.LCD_WriteData_16Bit  lcd_driver.o
    0x0800239c   0x0800239c   0x00000032   Code   RO         4013    i.Lcd_Clear         lcd_driver.o
    0x080023ce   0x080023ce   0x00000222   Code   RO         4014    i.Lcd_Init          lcd_driver.o
    0x080025f0   0x080025f0   0x00000024   Code   RO         4016    i.Lcd_Reset         lcd_driver.o
    0x08002614   0x08002614   0x00000052   Code   RO         4017    i.Lcd_SetRegion     lcd_driver.o
    0x08002666   0x08002666   0x00000002   PAD
    0x08002668   0x08002668   0x00000028   Code   RO         4019    i.Lcd_WriteData     lcd_driver.o
    0x08002690   0x08002690   0x00000028   Code   RO         4020    i.Lcd_WriteIndex    lcd_driver.o
    0x080026b8   0x080026b8   0x00000068   Code   RO          375    i.MYRCC_DeInit      sys.o
    0x08002720   0x08002720   0x00000078   Code   RO          376    i.MY_NVIC_Init      sys.o
    0x08002798   0x08002798   0x00000028   Code   RO          377    i.MY_NVIC_PriorityGroupConfig  sys.o
    0x080027c0   0x080027c0   0x00000014   Code   RO          378    i.MY_NVIC_SetVectorTable  sys.o
    0x080027d4   0x080027d4   0x00000004   Code   RO         4182    i.MemManage_Handler  air32f10x_it.o
    0x080027d8   0x080027d8   0x000007b8   Code   RO         3551    i.NB_Rec_Handle     bc260y.o
    0x08002f90   0x08002f90   0x00000002   Code   RO         4183    i.NMI_Handler       air32f10x_it.o
    0x08002f92   0x08002f92   0x00000002   PAD
    0x08002f94   0x08002f94   0x00000070   Code   RO           17    i.NVIC_Init         misc.o
    0x08003004   0x08003004   0x00000014   Code   RO           18    i.NVIC_PriorityGroupConfig  misc.o
    0x08003018   0x08003018   0x00000074   Code   RO         3552    i.Notify_Control    bc260y.o
    0x0800308c   0x0800308c   0x00000018   Code   RO          201    i.PWR_CNT_Clear     e_meter_crt.o
    0x080030a4   0x080030a4   0x0000001c   Code   RO          202    i.PWR_CNT_Read      e_meter_crt.o
    0x080030c0   0x080030c0   0x0000001c   Code   RO          203    i.PWR_CNT_Write     e_meter_crt.o
    0x080030dc   0x080030dc   0x00000002   Code   RO         4184    i.PendSV_Handler    air32f10x_it.o
    0x080030de   0x080030de   0x00000002   PAD
    0x080030e0   0x080030e0   0x00000038   Code   RO         4094    i.Power_ON          power_en.o
    0x08003118   0x08003118   0x0000001c   Code   RO         2064    i.RCC_ADCCLKConfig  air32f10x_rcc.o
    0x08003134   0x08003134   0x00000020   Code   RO         2068    i.RCC_APB2PeriphClockCmd  air32f10x_rcc.o
    0x08003154   0x08003154   0x00000020   Code   RO         2069    i.RCC_APB2PeriphResetCmd  air32f10x_rcc.o
    0x08003174   0x08003174   0x000000ec   Code   RO         2076    i.RCC_GetClocksFreq  air32f10x_rcc.o
    0x08003260   0x08003260   0x00000140   Code   RO         3670    i.Read_HLW8110_Angle  hlw8110.o
    0x080033a0   0x080033a0   0x00000118   Code   RO         3671    i.Read_HLW8110_EA   hlw8110.o
    0x080034b8   0x080034b8   0x00000114   Code   RO         3672    i.Read_HLW8110_IA   hlw8110.o
    0x080035cc   0x080035cc   0x00000074   Code   RO         3673    i.Read_HLW8110_LineFreq  hlw8110.o
    0x08003640   0x08003640   0x0000011c   Code   RO         3674    i.Read_HLW8110_PA   hlw8110.o
    0x0800375c   0x0800375c   0x000000b0   Code   RO         3675    i.Read_HLW8110_PF   hlw8110.o
    0x0800380c   0x0800380c   0x000000d4   Code   RO         3676    i.Read_HLW8110_U    hlw8110.o
    0x080038e0   0x080038e0   0x00000014   Code   RO         3677    i.Read_HLW8112_State  hlw8110.o
    0x080038f4   0x080038f4   0x0000003c   Code   RO         4022    i.SPI_WriteData     lcd_driver.o
    0x08003930   0x08003930   0x00000022   Code   RO          323    i.STMFLASH_Read     stmflash.o
    0x08003952   0x08003952   0x00000006   Code   RO          324    i.STMFLASH_ReadHalfWord  stmflash.o
    0x08003958   0x08003958   0x000000e8   Code   RO          325    i.STMFLASH_Write    stmflash.o
    0x08003a40   0x08003a40   0x00000026   Code   RO          326    i.STMFLASH_Write_NoCheck  stmflash.o
    0x08003a66   0x08003a66   0x00000002   Code   RO         4185    i.SVC_Handler       air32f10x_it.o
    0x08003a68   0x08003a68   0x00000078   Code   RO         3553    i.Send_Cmd          bc260y.o
    0x08003ae0   0x08003ae0   0x0000001c   Code   RO         3554    i.Serial_SendByte   bc260y.o
    0x08003afc   0x08003afc   0x0000001a   Code   RO         3555    i.Serial_SendString  bc260y.o
    0x08003b16   0x08003b16   0x00000008   Code   RO          452    i.SetSysClock       system_air32f10x.o
    0x08003b1e   0x08003b1e   0x00000002   PAD
    0x08003b20   0x08003b20   0x000000e0   Code   RO          453    i.SetSysClockTo72   system_air32f10x.o
    0x08003c00   0x08003c00   0x00000074   Code   RO         3967    i.Show_Signal       lcd_displayinformation.o
    0x08003c74   0x08003c74   0x00000014   Code   RO         4095    i.Shut_Down         power_en.o
    0x08003c88   0x08003c88   0x00000028   Code   RO         4096    i.Shut_Down_Init    power_en.o
    0x08003cb0   0x08003cb0   0x000000a8   Code   RO         3556    i.Signal_Value_Check  bc260y.o
    0x08003d58   0x08003d58   0x00000030   Code   RO         3682    i.Start_Send_UartData  hlw8110.o
    0x08003d88   0x08003d88   0x0000008c   Code   RO          379    i.Stm32_Clock_Init  sys.o
    0x08003e14   0x08003e14   0x00000002   Code   RO         4186    i.SysTick_Handler   air32f10x_it.o
    0x08003e16   0x08003e16   0x00000002   PAD
    0x08003e18   0x08003e18   0x00000060   Code   RO          455    i.SystemInit        system_air32f10x.o
    0x08003e78   0x08003e78   0x00000028   Code   RO         4142    i.TIM3_IRQHandler   timer.o
    0x08003ea0   0x08003ea0   0x00000050   Code   RO         4143    i.TIM3_Int_Init     timer.o
    0x08003ef0   0x08003ef0   0x00000068   Code   RO         4144    i.TIM4_IRQHandler   timer.o
    0x08003f58   0x08003f58   0x00000050   Code   RO         4145    i.TIM4_Int_Init     timer.o
    0x08003fa8   0x08003fa8   0x00000028   Code   RO         3968    i.Transform         lcd_displayinformation.o
    0x08003fd0   0x08003fd0   0x0000003c   Code   RO         3557    i.USART1_IRQHandler  bc260y.o
    0x0800400c   0x0800400c   0x0000005c   Code   RO         3683    i.USART2_IRQHandler  hlw8110.o
    0x08004068   0x08004068   0x00000018   Code   RO         3316    i.USART_Cmd         air32f10x_usart.o
    0x08004080   0x08004080   0x0000004a   Code   RO         3322    i.USART_ITConfig    air32f10x_usart.o
    0x080040ca   0x080040ca   0x00000002   PAD
    0x080040cc   0x080040cc   0x000000ec   Code   RO         3323    i.USART_Init        air32f10x_usart.o
    0x080041b8   0x080041b8   0x00000040   Code   RO         3685    i.Uart_HLW8110_Set_Channel_A  hlw8110.o
    0x080041f8   0x080041f8   0x00000040   Code   RO         3686    i.Uart_HLW8110_WriteREG_DIS  hlw8110.o
    0x08004238   0x08004238   0x00000040   Code   RO         3687    i.Uart_HLW8110_WriteREG_EN  hlw8110.o
    0x08004278   0x08004278   0x00000038   Code   RO         3688    i.Uart_Read_HLW8110_Reg  hlw8110.o
    0x080042b0   0x080042b0   0x00000064   Code   RO         3689    i.Uart_Write_HLW8110_Reg  hlw8110.o
    0x08004314   0x08004314   0x00000004   Code   RO         4187    i.UsageFault_Handler  air32f10x_it.o
    0x08004318   0x08004318   0x00000028   Code   RO         4532    i.__0sprintf        mc_w.l(printfa.o)
    0x08004340   0x08004340   0x0000000e   Code   RO         4623    i.__scatterload_copy  mc_w.l(handlers.o)
    0x0800434e   0x0800434e   0x00000002   Code   RO         4624    i.__scatterload_null  mc_w.l(handlers.o)
    0x08004350   0x08004350   0x0000000e   Code   RO         4625    i.__scatterload_zeroinit  mc_w.l(handlers.o)
    0x0800435e   0x0800435e   0x00000002   PAD
    0x08004360   0x08004360   0x00000184   Code   RO         4537    i._fp_digits        mc_w.l(printfa.o)
    0x080044e4   0x080044e4   0x000006b4   Code   RO         4538    i._printf_core      mc_w.l(printfa.o)
    0x08004b98   0x08004b98   0x00000024   Code   RO         4539    i._printf_post_padding  mc_w.l(printfa.o)
    0x08004bbc   0x08004bbc   0x0000002e   Code   RO         4540    i._printf_pre_padding  mc_w.l(printfa.o)
    0x08004bea   0x08004bea   0x0000000a   Code   RO         4542    i._sputc            mc_w.l(printfa.o)
    0x08004bf4   0x08004bf4   0x00000038   Code   RO         3844    i.battery_EN        battery.o
    0x08004c2c   0x08004c2c   0x00000040   Code   RO          529    i.delay_init        delay.o
    0x08004c6c   0x08004c6c   0x0000003c   Code   RO          530    i.delay_ms          delay.o
    0x08004ca8   0x08004ca8   0x000002e0   Code   RO         4242    i.main              main.o
    0x08004f88   0x08004f88   0x00000038   Code   RO         4118    i.relay_Init        relay.o
    0x08004fc0   0x08004fc0   0x0000001c   Code   RO         4119    i.relay_ON          relay.o
    0x08004fdc   0x08004fdc   0x000000b8   Code   RO          488    i.uart1_init        usart.o
    0x08005094   0x08005094   0x000000dc   Code   RO          489    i.uart2_init        usart.o
    0x08005170   0x08005170   0x000018bc   Data   RO         3891    .constdata          gui.o
    0x08006a2c   0x08006a2c   0x00000020   Data   RO         4621    Region$$Table       anon$$obj.o


    Execution Region RW_IRAM1 (Exec base: 0x20000000, Load base: 0x08006a4c, Size: 0x00000ac0, Max: 0x00005000, ABSOLUTE)

    Exec Addr    Load Addr    Size         Type   Attr      Idx    E Section Name        Object

    0x20000000   0x08006a4c   0x00000004   Data   RW          532    .data               delay.o
    0x20000004   0x08006a50   0x00000014   Data   RW         2096    .data               air32f10x_rcc.o
    0x20000018   0x08006a64   0x0000000f   Data   RW         3560    .data               bc260y.o
    0x20000027   0x08006a73   0x00000001   PAD
    0x20000028   0x08006a74   0x000000c8   Data   RW         3691    .data               hlw8110.o
    0x200000f0   0x08006b3c   0x0000000e   Data   RW         3845    .data               battery.o
    0x200000fe   0x08006b4a   0x00000001   Data   RW         4120    .data               relay.o
    0x200000ff   0x08006b4b   0x00000002   Data   RW         4146    .data               timer.o
    0x20000101   0x08006b4d   0x00000001   PAD
    0x20000102   0x08006b4e   0x00000008   Data   RW         4243    .data               main.o
    0x2000010a   0x08006b56   0x00000002   PAD
    0x2000010c        -       0x00000400   Zero   RW          328    .bss                stmflash.o
    0x2000050c        -       0x0000019a   Zero   RW         3559    .bss                bc260y.o
    0x200006a6        -       0x00000014   Zero   RW         3690    .bss                hlw8110.o
    0x200006ba   0x08006b56   0x00000006   PAD
    0x200006c0        -       0x00000400   Zero   RW          145    STACK               startup_air32f10x.o


==============================================================================

Image component sizes


      Code (inc. data)   RO Data    RW Data    ZI Data      Debug   Object Name

         0          0          0          0          0     203852   air32.o
       522         30          0          0          0       8941   air32f10x_adc.o
       160         12          0          0          0       1449   air32f10x_exti.o
       274         30          0          0          0       3350   air32f10x_flash.o
       368          4          0          0          0       4314   air32f10x_gpio.o
        26          0          0          0          0       3946   air32f10x_it.o
        68         30          0          0          0       2410   air32f10x_iwdg.o
       328         42          0         20          0       4905   air32f10x_rcc.o
       334          6          0          0          0       3626   air32f10x_usart.o
       648         70          0         14          0       2837   battery.o
      3682       1234          0         15        410       9122   bc260y.o
         0          0          0          0          0       4540   core_cm3.o
       124         12          0          4          0       1216   delay.o
       216         42          0          0          0       4082   e_meter_crt.o
       332         16          0          0          0     218381   exti.o
       584         14       6332          0          0       3359   gui.o
      3372        514          0        200         20      16306   hlw8110.o
        36          0          0          0          0        556   iwdg.o
       708         86          0          0          0       2948   lcd_displayinformation.o
      1014         46          0          0          0       5898   lcd_driver.o
       736        116          0          8          0       1288   main.o
       132         22          0          0          0     240539   misc.o
       116         18          0          0          0       1452   power_en.o
        84         14          0          1          0       1198   relay.o
       112         38        544          0       1024        852   startup_air32f10x.o
       310         10          0          0       1024       3461   stmflash.o
       424         44          0          0          0       2900   sys.o
       328         28          0          0          0       1913   system_air32f10x.o
       304         44          0          2          0       2395   timer.o
       404         28          0          0          0       1386   usart.o

    ----------------------------------------------------------------------
     15768       2550       6908        268       2484     763422   Object Totals
         0          0         32          0          0          0   (incl. Generated)
        22          0          0          4          6          0   (incl. Padding)

    ----------------------------------------------------------------------

      Code (inc. data)   RO Data    RW Data    ZI Data      Debug   Library Member Name

         0          0          0          0          0          0   entry.o
         0          0          0          0          0          0   entry10a.o
         0          0          0          0          0          0   entry11a.o
         4          0          0          0          0          0   entry12b.o
         8          4          0          0          0          0   entry2.o
         4          0          0          0          0          0   entry5.o
         0          0          0          0          0          0   entry7b.o
         0          0          0          0          0          0   entry8b.o
         8          4          0          0          0          0   entry9a.o
        30          0          0          0          0          0   handlers.o
        36          8          0          0          0         68   init.o
         0          0          0          0          0          0   iusefp.o
        30          0          0          0          0         68   llshl.o
        36          0          0          0          0         68   llsshr.o
        32          0          0          0          0         68   llushr.o
        36          0          0          0          0         68   memcpya.o
      2236         86          0          0          0        532   printfa.o
        24          0          0          0          0         68   strcat.o
        18          0          0          0          0         68   strcpy.o
        14          0          0          0          0         68   strlen.o
        36          0          0          0          0         80   strstr.o
        44          0          0          0          0         80   uidiv.o
        98          0          0          0          0         92   uldiv.o
        48          0          0          0          0         68   cdcmple.o
        48          0          0          0          0         68   cdrcmple.o
        20          0          0          0          0         68   cfcmple.o
        56          0          0          0          0         88   d2f.o
       334          0          0          0          0        148   dadd.o
       222          0          0          0          0        100   ddiv.o
       186          0          0          0          0        176   depilogue.o
        50          0          0          0          0         76   dfixui.o
        48          0          0          0          0         68   dfixul.o
       228          0          0          0          0         96   dmul.o
        38          0          0          0          0         68   f2d.o
       176          0          0          0          0        140   fadd.o
       124          0          0          0          0         88   fdiv.o
       110          0          0          0          0        168   fepilogue.o
        40          0          0          0          0         68   ffixui.o
        10          0          0          0          0         68   ffltui.o
       100          0          0          0          0         76   fmul.o

    ----------------------------------------------------------------------
      4536        102          0          0          0       2960   Library Totals
         4          0          0          0          0          0   (incl. Padding)

    ----------------------------------------------------------------------

      Code (inc. data)   RO Data    RW Data    ZI Data      Debug   Library Name

      2694        102          0          0          0       1328   mc_w.l
      1838          0          0          0          0       1632   mf_w.l

    ----------------------------------------------------------------------
      4536        102          0          0          0       2960   Library Totals

    ----------------------------------------------------------------------

==============================================================================


      Code (inc. data)   RO Data    RW Data    ZI Data      Debug   

     20304       2652       6908        268       2484     757902   Grand Totals
     20304       2652       6908        268       2484     757902   ELF Image Totals
     20304       2652       6908        268          0          0   ROM Totals

==============================================================================

    Total RO  Size (Code + RO Data)                27212 (  26.57kB)
    Total RW  Size (RW Data + ZI Data)              2752 (   2.69kB)
    Total ROM Size (Code + RO Data + RW Data)      27480 (  26.84kB)

==============================================================================

