Component: ARM Compiler 5.06 update 1 (build 61) Tool: armlink [4d35a8]

==============================================================================

Section Cross References

    startup_air32f10x.o(RESET) refers to startup_air32f10x.o(STACK) for __initial_sp
    startup_air32f10x.o(RESET) refers to startup_air32f10x.o(.text) for Reset_Handler
    startup_air32f10x.o(RESET) refers to air32f10x_it.o(i.NMI_Handler) for NMI_Handler
    startup_air32f10x.o(RESET) refers to air32f10x_it.o(i.HardFault_Handler) for HardFault_Handler
    startup_air32f10x.o(RESET) refers to air32f10x_it.o(i.MemManage_Handler) for MemManage_Handler
    startup_air32f10x.o(RESET) refers to air32f10x_it.o(i.BusFault_Handler) for BusFault_Handler
    startup_air32f10x.o(RESET) refers to air32f10x_it.o(i.UsageFault_Handler) for UsageFault_Handler
    startup_air32f10x.o(RESET) refers to air32f10x_it.o(i.SVC_Handler) for SVC_Handler
    startup_air32f10x.o(RESET) refers to air32f10x_it.o(i.DebugMon_Handler) for DebugMon_Handler
    startup_air32f10x.o(RESET) refers to air32f10x_it.o(i.PendSV_Handler) for PendSV_Handler
    startup_air32f10x.o(RESET) refers to air32f10x_it.o(i.SysTick_Handler) for SysTick_Handler
    startup_air32f10x.o(RESET) refers to exti.o(i.EXTI9_5_IRQHandler) for EXTI9_5_IRQHandler
    startup_air32f10x.o(RESET) refers to timer.o(i.TIM3_IRQHandler) for TIM3_IRQHandler
    startup_air32f10x.o(RESET) refers to bc260y.o(i.USART1_IRQHandler) for USART1_IRQHandler
    startup_air32f10x.o(RESET) refers to hlw8110.o(i.USART2_IRQHandler) for USART2_IRQHandler
    startup_air32f10x.o(.text) refers to system_air32f10x.o(i.SystemInit) for SystemInit
    startup_air32f10x.o(.text) refers to entry.o(.ARM.Collect$$$$00000000) for __main
    system_air32f10x.o(i.SetSysClock) refers to system_air32f10x.o(i.SetSysClockTo72) for SetSysClockTo72
    system_air32f10x.o(i.SystemCoreClockUpdate) refers to system_air32f10x.o(.data) for SystemCoreClock
    system_air32f10x.o(i.SystemInit) refers to system_air32f10x.o(i.SetSysClock) for SetSysClock
    sys.o(i.MYRCC_DeInit) refers to sys.o(i.MY_NVIC_SetVectorTable) for MY_NVIC_SetVectorTable
    sys.o(i.MY_NVIC_Init) refers to sys.o(i.MY_NVIC_PriorityGroupConfig) for MY_NVIC_PriorityGroupConfig
    sys.o(i.Stm32_Clock_Init) refers to sys.o(i.MYRCC_DeInit) for MYRCC_DeInit
    sys.o(i.Sys_Standby) refers to sys.o(i.WFI_SET) for WFI_SET
    delay.o(i.delay_init) refers to delay.o(.data) for fac_us
    delay.o(i.delay_ms) refers to delay.o(.data) for fac_ms
    delay.o(i.delay_us) refers to delay.o(.data) for fac_us
    usart.o(i.uart1_init) refers to air32f10x_rcc.o(i.RCC_APB2PeriphClockCmd) for RCC_APB2PeriphClockCmd
    usart.o(i.uart1_init) refers to air32f10x_gpio.o(i.GPIO_Init) for GPIO_Init
    usart.o(i.uart1_init) refers to air32f10x_usart.o(i.USART_Init) for USART_Init
    usart.o(i.uart1_init) refers to air32f10x_usart.o(i.USART_ITConfig) for USART_ITConfig
    usart.o(i.uart1_init) refers to misc.o(i.NVIC_PriorityGroupConfig) for NVIC_PriorityGroupConfig
    usart.o(i.uart1_init) refers to misc.o(i.NVIC_Init) for NVIC_Init
    usart.o(i.uart1_init) refers to air32f10x_usart.o(i.USART_Cmd) for USART_Cmd
    usart.o(i.uart2_init) refers to ffltui.o(.text) for __aeabi_ui2f
    usart.o(i.uart2_init) refers to fdiv.o(.text) for __aeabi_fdiv
    usart.o(i.uart2_init) refers to ffixui.o(.text) for __aeabi_f2uiz
    usart.o(i.uart2_init) refers to fadd.o(.text) for __aeabi_frsub
    usart.o(i.uart2_init) refers to fmul.o(.text) for __aeabi_fmul
    usart.o(i.uart2_init) refers to sys.o(i.MY_NVIC_Init) for MY_NVIC_Init
    usart.o(i.uart3_init) refers to air32f10x_rcc.o(i.RCC_APB1PeriphClockCmd) for RCC_APB1PeriphClockCmd
    usart.o(i.uart3_init) refers to air32f10x_rcc.o(i.RCC_APB2PeriphClockCmd) for RCC_APB2PeriphClockCmd
    usart.o(i.uart3_init) refers to air32f10x_gpio.o(i.GPIO_Init) for GPIO_Init
    usart.o(i.uart3_init) refers to air32f10x_usart.o(i.USART_Init) for USART_Init
    usart.o(i.uart3_init) refers to air32f10x_usart.o(i.USART_ITConfig) for USART_ITConfig
    usart.o(i.uart3_init) refers to misc.o(i.NVIC_PriorityGroupConfig) for NVIC_PriorityGroupConfig
    usart.o(i.uart3_init) refers to misc.o(i.NVIC_Init) for NVIC_Init
    usart.o(i.uart3_init) refers to air32f10x_usart.o(i.USART_Cmd) for USART_Cmd
    stmflash.o(i.STMFLASH_Read) refers to stmflash.o(i.STMFLASH_ReadHalfWord) for STMFLASH_ReadHalfWord
    stmflash.o(i.STMFLASH_Write) refers to air32f10x_flash.o(i.FLASH_Unlock) for FLASH_Unlock
    stmflash.o(i.STMFLASH_Write) refers to stmflash.o(i.STMFLASH_Read) for STMFLASH_Read
    stmflash.o(i.STMFLASH_Write) refers to air32f10x_flash.o(i.FLASH_ErasePage) for FLASH_ErasePage
    stmflash.o(i.STMFLASH_Write) refers to stmflash.o(i.STMFLASH_Write_NoCheck) for STMFLASH_Write_NoCheck
    stmflash.o(i.STMFLASH_Write) refers to air32f10x_flash.o(i.FLASH_Lock) for FLASH_Lock
    stmflash.o(i.STMFLASH_Write) refers to stmflash.o(.bss) for STMFLASH_BUF
    stmflash.o(i.STMFLASH_Write_NoCheck) refers to air32f10x_flash.o(i.FLASH_ProgramHalfWord) for FLASH_ProgramHalfWord
    stmflash.o(i.Test_Write) refers to stmflash.o(i.STMFLASH_Write) for STMFLASH_Write
    exti.o(i.EXTI9_5_IRQHandler) refers to delay.o(i.delay_ms) for delay_ms
    exti.o(i.EXTI9_5_IRQHandler) refers to air32f10x_gpio.o(i.GPIO_ReadInputDataBit) for GPIO_ReadInputDataBit
    exti.o(i.EXTI9_5_IRQHandler) refers to e_meter_crt.o(i.E_Data_Write) for E_Data_Write
    exti.o(i.EXTI9_5_IRQHandler) refers to power_en.o(i.Shut_Down) for Shut_Down
    exti.o(i.EXTI9_5_IRQHandler) refers to air32f10x_exti.o(i.EXTI_ClearITPendingBit) for EXTI_ClearITPendingBit
    exti.o(i.EXTI9_5_IRQHandler) refers to e_meter_crt.o(i.E_Data_Clear) for E_Data_Clear
    exti.o(i.EXTIX_Init) refers to air32f10x_rcc.o(i.RCC_APB2PeriphClockCmd) for RCC_APB2PeriphClockCmd
    exti.o(i.EXTIX_Init) refers to air32f10x_gpio.o(i.GPIO_EXTILineConfig) for GPIO_EXTILineConfig
    exti.o(i.EXTIX_Init) refers to air32f10x_exti.o(i.EXTI_Init) for EXTI_Init
    exti.o(i.EXTIX_Init) refers to air32f10x_exti.o(i.EXTI_ClearITPendingBit) for EXTI_ClearITPendingBit
    exti.o(i.EXTIX_Init) refers to misc.o(i.NVIC_Init) for NVIC_Init
    exti.o(i.HLW8112_INT_Init) refers to air32f10x_rcc.o(i.RCC_APB2PeriphClockCmd) for RCC_APB2PeriphClockCmd
    exti.o(i.HLW8112_INT_Init) refers to air32f10x_gpio.o(i.GPIO_Init) for GPIO_Init
    e_meter_crt.o(i.E_Clear_Init) refers to air32f10x_rcc.o(i.RCC_APB2PeriphClockCmd) for RCC_APB2PeriphClockCmd
    e_meter_crt.o(i.E_Clear_Init) refers to air32f10x_gpio.o(i.GPIO_Init) for GPIO_Init
    e_meter_crt.o(i.E_Data_Clear) refers to stmflash.o(i.STMFLASH_Write) for STMFLASH_Write
    e_meter_crt.o(i.E_Data_Read) refers to stmflash.o(i.STMFLASH_Read) for STMFLASH_Read
    e_meter_crt.o(i.E_Data_Write) refers to stmflash.o(i.STMFLASH_Write) for STMFLASH_Write
    e_meter_crt.o(i.E_Data_Write) refers to hlw8110.o(.data) for F_AC_BACKUP_E
    air32.o(i.RCC_ClkConfiguration) refers to air32f10x_rcc.o(i.RCC_DeInit) for RCC_DeInit
    air32.o(i.RCC_ClkConfiguration) refers to air32f10x_rcc.o(i.RCC_HSEConfig) for RCC_HSEConfig
    air32.o(i.RCC_ClkConfiguration) refers to air32f10x_rcc.o(i.RCC_GetFlagStatus) for RCC_GetFlagStatus
    air32.o(i.RCC_ClkConfiguration) refers to air32f10x_rcc.o(i.RCC_PLLCmd) for RCC_PLLCmd
    air32.o(i.RCC_ClkConfiguration) refers to air32.o(i.AIR_RCC_PLLConfig) for AIR_RCC_PLLConfig
    air32.o(i.RCC_ClkConfiguration) refers to air32f10x_rcc_ex.o(i.AIR_RCC_PLLConfig) for AIR_RCC_PLLConfig
    air32.o(i.RCC_ClkConfiguration) refers to air32f10x_rcc.o(i.RCC_SYSCLKConfig) for RCC_SYSCLKConfig
    air32.o(i.RCC_ClkConfiguration) refers to air32f10x_rcc.o(i.RCC_HCLKConfig) for RCC_HCLKConfig
    air32.o(i.RCC_ClkConfiguration) refers to air32f10x_rcc.o(i.RCC_PCLK1Config) for RCC_PCLK1Config
    air32.o(i.RCC_ClkConfiguration) refers to air32f10x_rcc.o(i.RCC_PCLK2Config) for RCC_PCLK2Config
    air32.o(i.RCC_ClkConfiguration) refers to air32f10x_rcc.o(i.RCC_LSICmd) for RCC_LSICmd
    air32.o(i.RCC_ClkConfiguration) refers to air32f10x_rcc.o(i.RCC_HSICmd) for RCC_HSICmd
    air32f10x_adc.o(i.ADC_DeInit) refers to air32f10x_rcc.o(i.RCC_APB2PeriphResetCmd) for RCC_APB2PeriphResetCmd
    air32f10x_bkp.o(i.BKP_DeInit) refers to air32f10x_rcc.o(i.RCC_BackupResetCmd) for RCC_BackupResetCmd
    air32f10x_can.o(i.CAN_DeInit) refers to air32f10x_rcc.o(i.RCC_APB1PeriphResetCmd) for RCC_APB1PeriphResetCmd
    air32f10x_can.o(i.CAN_GetITStatus) refers to air32f10x_can.o(i.CheckITStatus) for CheckITStatus
    air32f10x_dac.o(i.DAC_DeInit) refers to air32f10x_rcc.o(i.RCC_APB1PeriphResetCmd) for RCC_APB1PeriphResetCmd
    air32f10x_flash.o(i.FLASH_EnableWriteProtection) refers to air32f10x_flash.o(i.FLASH_WaitForLastOperation) for FLASH_WaitForLastOperation
    air32f10x_flash.o(i.FLASH_EraseAllBank1Pages) refers to air32f10x_flash.o(i.FLASH_WaitForLastBank1Operation) for FLASH_WaitForLastBank1Operation
    air32f10x_flash.o(i.FLASH_EraseAllPages) refers to air32f10x_flash.o(i.FLASH_WaitForLastOperation) for FLASH_WaitForLastOperation
    air32f10x_flash.o(i.FLASH_EraseOptionBytes) refers to air32f10x_flash.o(i.FLASH_GetReadOutProtectionStatus) for FLASH_GetReadOutProtectionStatus
    air32f10x_flash.o(i.FLASH_EraseOptionBytes) refers to air32f10x_flash.o(i.FLASH_WaitForLastOperation) for FLASH_WaitForLastOperation
    air32f10x_flash.o(i.FLASH_EraseOptionBytes) refers to air32f10x_flash.o(.emb_text) for SetStrt
    air32f10x_flash.o(i.FLASH_ErasePage) refers to air32f10x_flash.o(i.FLASH_WaitForLastOperation) for FLASH_WaitForLastOperation
    air32f10x_flash.o(i.FLASH_ProgramHalfWord) refers to air32f10x_flash.o(i.FLASH_WaitForLastOperation) for FLASH_WaitForLastOperation
    air32f10x_flash.o(i.FLASH_ProgramOptionByteData) refers to air32f10x_flash.o(i.FLASH_WaitForLastOperation) for FLASH_WaitForLastOperation
    air32f10x_flash.o(i.FLASH_ProgramWord) refers to air32f10x_flash.o(i.FLASH_WaitForLastOperation) for FLASH_WaitForLastOperation
    air32f10x_flash.o(i.FLASH_ReadOutProtection) refers to air32f10x_flash.o(i.FLASH_WaitForLastOperation) for FLASH_WaitForLastOperation
    air32f10x_flash.o(i.FLASH_UserOptionByteConfig) refers to air32f10x_flash.o(i.FLASH_WaitForLastOperation) for FLASH_WaitForLastOperation
    air32f10x_flash.o(i.FLASH_WaitForLastBank1Operation) refers to air32f10x_flash.o(i.FLASH_GetBank1Status) for FLASH_GetBank1Status
    air32f10x_flash.o(i.FLASH_WaitForLastOperation) refers to air32f10x_flash.o(i.FLASH_GetBank1Status) for FLASH_GetBank1Status
    air32f10x_gpio.o(i.GPIO_AFIODeInit) refers to air32f10x_rcc.o(i.RCC_APB2PeriphResetCmd) for RCC_APB2PeriphResetCmd
    air32f10x_gpio.o(i.GPIO_DeInit) refers to air32f10x_rcc.o(i.RCC_APB2PeriphResetCmd) for RCC_APB2PeriphResetCmd
    air32f10x_i2c.o(i.I2C_DeInit) refers to air32f10x_rcc.o(i.RCC_APB1PeriphResetCmd) for RCC_APB1PeriphResetCmd
    air32f10x_i2c.o(i.I2C_Init) refers to air32f10x_rcc.o(i.RCC_GetClocksFreq) for RCC_GetClocksFreq
    air32f10x_pwr.o(i.PWR_DeInit) refers to air32f10x_rcc.o(i.RCC_APB1PeriphResetCmd) for RCC_APB1PeriphResetCmd
    air32f10x_rcc.o(i.RCC_GetClocksFreq) refers to air32f10x_rcc.o(.data) for APBAHBPrescTable
    air32f10x_rcc.o(i.RCC_WaitForHSEStartUp) refers to air32f10x_rcc.o(i.RCC_GetFlagStatus) for RCC_GetFlagStatus
    air32f10x_rtc.o(i.RTC_SetAlarm) refers to air32f10x_rtc.o(i.RTC_EnterConfigMode) for RTC_EnterConfigMode
    air32f10x_rtc.o(i.RTC_SetAlarm) refers to air32f10x_rtc.o(i.RTC_ExitConfigMode) for RTC_ExitConfigMode
    air32f10x_rtc.o(i.RTC_SetCounter) refers to air32f10x_rtc.o(i.RTC_EnterConfigMode) for RTC_EnterConfigMode
    air32f10x_rtc.o(i.RTC_SetCounter) refers to air32f10x_rtc.o(i.RTC_ExitConfigMode) for RTC_ExitConfigMode
    air32f10x_rtc.o(i.RTC_SetPrescaler) refers to air32f10x_rtc.o(i.RTC_EnterConfigMode) for RTC_EnterConfigMode
    air32f10x_rtc.o(i.RTC_SetPrescaler) refers to air32f10x_rtc.o(i.RTC_ExitConfigMode) for RTC_ExitConfigMode
    air32f10x_spi.o(i.I2S_Init) refers to air32f10x_rcc.o(i.RCC_GetClocksFreq) for RCC_GetClocksFreq
    air32f10x_spi.o(i.SPI_I2S_DeInit) refers to air32f10x_rcc.o(i.RCC_APB2PeriphResetCmd) for RCC_APB2PeriphResetCmd
    air32f10x_spi.o(i.SPI_I2S_DeInit) refers to air32f10x_rcc.o(i.RCC_APB1PeriphResetCmd) for RCC_APB1PeriphResetCmd
    air32f10x_tim.o(i.TIM_DeInit) refers to air32f10x_rcc.o(i.RCC_APB2PeriphResetCmd) for RCC_APB2PeriphResetCmd
    air32f10x_tim.o(i.TIM_DeInit) refers to air32f10x_rcc.o(i.RCC_APB1PeriphResetCmd) for RCC_APB1PeriphResetCmd
    air32f10x_tim.o(i.TIM_ETRClockMode1Config) refers to air32f10x_tim.o(i.TIM_ETRConfig) for TIM_ETRConfig
    air32f10x_tim.o(i.TIM_ETRClockMode2Config) refers to air32f10x_tim.o(i.TIM_ETRConfig) for TIM_ETRConfig
    air32f10x_tim.o(i.TIM_ICInit) refers to air32f10x_tim.o(i.TI1_Config) for TI1_Config
    air32f10x_tim.o(i.TIM_ICInit) refers to air32f10x_tim.o(i.TIM_SetIC1Prescaler) for TIM_SetIC1Prescaler
    air32f10x_tim.o(i.TIM_ICInit) refers to air32f10x_tim.o(i.TI2_Config) for TI2_Config
    air32f10x_tim.o(i.TIM_ICInit) refers to air32f10x_tim.o(i.TIM_SetIC2Prescaler) for TIM_SetIC2Prescaler
    air32f10x_tim.o(i.TIM_ICInit) refers to air32f10x_tim.o(i.TI3_Config) for TI3_Config
    air32f10x_tim.o(i.TIM_ICInit) refers to air32f10x_tim.o(i.TIM_SetIC3Prescaler) for TIM_SetIC3Prescaler
    air32f10x_tim.o(i.TIM_ICInit) refers to air32f10x_tim.o(i.TI4_Config) for TI4_Config
    air32f10x_tim.o(i.TIM_ICInit) refers to air32f10x_tim.o(i.TIM_SetIC4Prescaler) for TIM_SetIC4Prescaler
    air32f10x_tim.o(i.TIM_ITRxExternalClockConfig) refers to air32f10x_tim.o(i.TIM_SelectInputTrigger) for TIM_SelectInputTrigger
    air32f10x_tim.o(i.TIM_PWMIConfig) refers to air32f10x_tim.o(i.TI1_Config) for TI1_Config
    air32f10x_tim.o(i.TIM_PWMIConfig) refers to air32f10x_tim.o(i.TIM_SetIC1Prescaler) for TIM_SetIC1Prescaler
    air32f10x_tim.o(i.TIM_PWMIConfig) refers to air32f10x_tim.o(i.TI2_Config) for TI2_Config
    air32f10x_tim.o(i.TIM_PWMIConfig) refers to air32f10x_tim.o(i.TIM_SetIC2Prescaler) for TIM_SetIC2Prescaler
    air32f10x_tim.o(i.TIM_TIxExternalClockConfig) refers to air32f10x_tim.o(i.TI2_Config) for TI2_Config
    air32f10x_tim.o(i.TIM_TIxExternalClockConfig) refers to air32f10x_tim.o(i.TI1_Config) for TI1_Config
    air32f10x_tim.o(i.TIM_TIxExternalClockConfig) refers to air32f10x_tim.o(i.TIM_SelectInputTrigger) for TIM_SelectInputTrigger
    air32f10x_usart.o(i.USART_DeInit) refers to air32f10x_rcc.o(i.RCC_APB2PeriphResetCmd) for RCC_APB2PeriphResetCmd
    air32f10x_usart.o(i.USART_DeInit) refers to air32f10x_rcc.o(i.RCC_APB1PeriphResetCmd) for RCC_APB1PeriphResetCmd
    air32f10x_usart.o(i.USART_Init) refers to air32f10x_rcc.o(i.RCC_GetClocksFreq) for RCC_GetClocksFreq
    air32f10x_wwdg.o(i.WWDG_DeInit) refers to air32f10x_rcc.o(i.RCC_APB1PeriphResetCmd) for RCC_APB1PeriphResetCmd
    hlw8110.o(i.Calculate_HLW8110_MeterData) refers to hlw8110.o(i.Check_WriteReg_Success) for Check_WriteReg_Success
    hlw8110.o(i.Calculate_HLW8110_MeterData) refers to hlw8110.o(i.Read_HLW8110_U) for Read_HLW8110_U
    hlw8110.o(i.Calculate_HLW8110_MeterData) refers to hlw8110.o(i.Read_HLW8110_PA) for Read_HLW8110_PA
    hlw8110.o(i.Calculate_HLW8110_MeterData) refers to hlw8110.o(i.Read_HLW8110_IA) for Read_HLW8110_IA
    hlw8110.o(i.Calculate_HLW8110_MeterData) refers to hlw8110.o(i.Read_HLW8110_EA) for Read_HLW8110_EA
    hlw8110.o(i.Calculate_HLW8110_MeterData) refers to hlw8110.o(i.Read_HLW8110_LineFreq) for Read_HLW8110_LineFreq
    hlw8110.o(i.Calculate_HLW8110_MeterData) refers to hlw8110.o(i.Read_HLW8110_Angle) for Read_HLW8110_Angle
    hlw8110.o(i.Calculate_HLW8110_MeterData) refers to hlw8110.o(i.Read_HLW8110_PF) for Read_HLW8110_PF
    hlw8110.o(i.Calculate_HLW8110_MeterData) refers to hlw8110.o(i.Read_HLW8112_State) for Read_HLW8112_State
    hlw8110.o(i.Check_WriteReg_Success) refers to hlw8110.o(i.Uart_Read_HLW8110_Reg) for Uart_Read_HLW8110_Reg
    hlw8110.o(i.Check_WriteReg_Success) refers to delay.o(i.delay_ms) for delay_ms
    hlw8110.o(i.Check_WriteReg_Success) refers to hlw8110.o(i.HLW8110_checkSum_Read) for HLW8110_checkSum_Read
    hlw8110.o(i.Check_WriteReg_Success) refers to hlw8110.o(.data) for u8_RX_Length
    hlw8110.o(i.Check_WriteReg_Success) refers to hlw8110.o(.bss) for u8_RxBuf
    hlw8110.o(i.Clear_RxBuf) refers to hlw8110.o(.bss) for u8_RxBuf
    hlw8110.o(i.Clear_RxBuf) refers to hlw8110.o(.data) for B_Rx_Data_ING
    hlw8110.o(i.HLW8110_checkSum_Read) refers to hlw8110.o(.bss) for u8_RxBuf
    hlw8110.o(i.HLW8110_checkSum_Write) refers to hlw8110.o(.bss) for u8_TxBuf
    hlw8110.o(i.Init_HLW8110) refers to hlw8110.o(i.Uart_HLW8110_WriteREG_EN) for Uart_HLW8110_WriteREG_EN
    hlw8110.o(i.Init_HLW8110) refers to delay.o(i.delay_ms) for delay_ms
    hlw8110.o(i.Init_HLW8110) refers to hlw8110.o(i.Uart_HLW8110_Set_Channel_A) for Uart_HLW8110_Set_Channel_A
    hlw8110.o(i.Init_HLW8110) refers to hlw8110.o(i.Uart_Write_HLW8110_Reg) for Uart_Write_HLW8110_Reg
    hlw8110.o(i.Init_HLW8110) refers to hlw8110.o(i.Uart_HLW8110_WriteREG_DIS) for Uart_HLW8110_WriteREG_DIS
    hlw8110.o(i.Init_HLW8110) refers to hlw8110.o(i.Judge_CheckSum_HLW8110_Calfactor) for Judge_CheckSum_HLW8110_Calfactor
    hlw8110.o(i.Init_HLW8110) refers to e_meter_crt.o(i.E_Data_Read) for E_Data_Read
    hlw8110.o(i.Init_HLW8110) refers to hlw8110.o(.data) for LAST_AC_E
    hlw8110.o(i.Judge_CheckSum_HLW8110_Calfactor) refers to hlw8110.o(i.Uart_Read_HLW8110_Reg) for Uart_Read_HLW8110_Reg
    hlw8110.o(i.Judge_CheckSum_HLW8110_Calfactor) refers to delay.o(i.delay_ms) for delay_ms
    hlw8110.o(i.Judge_CheckSum_HLW8110_Calfactor) refers to hlw8110.o(i.HLW8110_checkSum_Read) for HLW8110_checkSum_Read
    hlw8110.o(i.Judge_CheckSum_HLW8110_Calfactor) refers to hlw8110.o(.data) for u8_RX_Length
    hlw8110.o(i.Judge_CheckSum_HLW8110_Calfactor) refers to hlw8110.o(.bss) for u8_RxBuf
    hlw8110.o(i.Read_HLW8110_Angle) refers to hlw8110.o(i.Uart_Read_HLW8110_Reg) for Uart_Read_HLW8110_Reg
    hlw8110.o(i.Read_HLW8110_Angle) refers to delay.o(i.delay_ms) for delay_ms
    hlw8110.o(i.Read_HLW8110_Angle) refers to hlw8110.o(i.HLW8110_checkSum_Read) for HLW8110_checkSum_Read
    hlw8110.o(i.Read_HLW8110_Angle) refers to cfcmple.o(.text) for __aeabi_cfcmple
    hlw8110.o(i.Read_HLW8110_Angle) refers to ffltui.o(.text) for __aeabi_ui2f
    hlw8110.o(i.Read_HLW8110_Angle) refers to f2d.o(.text) for __aeabi_f2d
    hlw8110.o(i.Read_HLW8110_Angle) refers to dmul.o(.text) for __aeabi_dmul
    hlw8110.o(i.Read_HLW8110_Angle) refers to d2f.o(.text) for __aeabi_d2f
    hlw8110.o(i.Read_HLW8110_Angle) refers to cdcmple.o(.text) for __aeabi_cdcmple
    hlw8110.o(i.Read_HLW8110_Angle) refers to fadd.o(.text) for __aeabi_fsub
    hlw8110.o(i.Read_HLW8110_Angle) refers to hlw8110.o(.data) for u8_RX_Length
    hlw8110.o(i.Read_HLW8110_Angle) refers to hlw8110.o(.bss) for u8_RxBuf
    hlw8110.o(i.Read_HLW8110_EA) refers to hlw8110.o(i.Uart_Read_HLW8110_Reg) for Uart_Read_HLW8110_Reg
    hlw8110.o(i.Read_HLW8110_EA) refers to delay.o(i.delay_ms) for delay_ms
    hlw8110.o(i.Read_HLW8110_EA) refers to hlw8110.o(i.HLW8110_checkSum_Read) for HLW8110_checkSum_Read
    hlw8110.o(i.Read_HLW8110_EA) refers to ffltui.o(.text) for __aeabi_ui2f
    hlw8110.o(i.Read_HLW8110_EA) refers to fmul.o(.text) for __aeabi_fmul
    hlw8110.o(i.Read_HLW8110_EA) refers to fdiv.o(.text) for __aeabi_fdiv
    hlw8110.o(i.Read_HLW8110_EA) refers to fadd.o(.text) for __aeabi_fadd
    hlw8110.o(i.Read_HLW8110_EA) refers to hlw8110.o(.data) for u8_RX_Length
    hlw8110.o(i.Read_HLW8110_EA) refers to hlw8110.o(.bss) for u8_RxBuf
    hlw8110.o(i.Read_HLW8110_IA) refers to hlw8110.o(i.Uart_Read_HLW8110_Reg) for Uart_Read_HLW8110_Reg
    hlw8110.o(i.Read_HLW8110_IA) refers to delay.o(i.delay_ms) for delay_ms
    hlw8110.o(i.Read_HLW8110_IA) refers to hlw8110.o(i.HLW8110_checkSum_Read) for HLW8110_checkSum_Read
    hlw8110.o(i.Read_HLW8110_IA) refers to ffltui.o(.text) for __aeabi_ui2f
    hlw8110.o(i.Read_HLW8110_IA) refers to fmul.o(.text) for __aeabi_fmul
    hlw8110.o(i.Read_HLW8110_IA) refers to fdiv.o(.text) for __aeabi_fdiv
    hlw8110.o(i.Read_HLW8110_IA) refers to f2d.o(.text) for __aeabi_f2d
    hlw8110.o(i.Read_HLW8110_IA) refers to dadd.o(.text) for __aeabi_dsub
    hlw8110.o(i.Read_HLW8110_IA) refers to dmul.o(.text) for __aeabi_dmul
    hlw8110.o(i.Read_HLW8110_IA) refers to ddiv.o(.text) for __aeabi_ddiv
    hlw8110.o(i.Read_HLW8110_IA) refers to d2f.o(.text) for __aeabi_d2f
    hlw8110.o(i.Read_HLW8110_IA) refers to hlw8110.o(.data) for u8_RX_Length
    hlw8110.o(i.Read_HLW8110_IA) refers to hlw8110.o(.bss) for u8_RxBuf
    hlw8110.o(i.Read_HLW8110_LineFreq) refers to hlw8110.o(i.Uart_Read_HLW8110_Reg) for Uart_Read_HLW8110_Reg
    hlw8110.o(i.Read_HLW8110_LineFreq) refers to delay.o(i.delay_ms) for delay_ms
    hlw8110.o(i.Read_HLW8110_LineFreq) refers to hlw8110.o(i.HLW8110_checkSum_Read) for HLW8110_checkSum_Read
    hlw8110.o(i.Read_HLW8110_LineFreq) refers to ffltui.o(.text) for __aeabi_ui2f
    hlw8110.o(i.Read_HLW8110_LineFreq) refers to fmul.o(.text) for __aeabi_fmul
    hlw8110.o(i.Read_HLW8110_LineFreq) refers to fdiv.o(.text) for __aeabi_fdiv
    hlw8110.o(i.Read_HLW8110_LineFreq) refers to hlw8110.o(.data) for u8_RX_Length
    hlw8110.o(i.Read_HLW8110_LineFreq) refers to hlw8110.o(.bss) for u8_RxBuf
    hlw8110.o(i.Read_HLW8110_PA) refers to hlw8110.o(i.Uart_Read_HLW8110_Reg) for Uart_Read_HLW8110_Reg
    hlw8110.o(i.Read_HLW8110_PA) refers to delay.o(i.delay_ms) for delay_ms
    hlw8110.o(i.Read_HLW8110_PA) refers to hlw8110.o(i.HLW8110_checkSum_Read) for HLW8110_checkSum_Read
    hlw8110.o(i.Read_HLW8110_PA) refers to ffltui.o(.text) for __aeabi_ui2f
    hlw8110.o(i.Read_HLW8110_PA) refers to fmul.o(.text) for __aeabi_fmul
    hlw8110.o(i.Read_HLW8110_PA) refers to fdiv.o(.text) for __aeabi_fdiv
    hlw8110.o(i.Read_HLW8110_PA) refers to f2d.o(.text) for __aeabi_f2d
    hlw8110.o(i.Read_HLW8110_PA) refers to dadd.o(.text) for __aeabi_dsub
    hlw8110.o(i.Read_HLW8110_PA) refers to dmul.o(.text) for __aeabi_dmul
    hlw8110.o(i.Read_HLW8110_PA) refers to ddiv.o(.text) for __aeabi_ddiv
    hlw8110.o(i.Read_HLW8110_PA) refers to d2f.o(.text) for __aeabi_d2f
    hlw8110.o(i.Read_HLW8110_PA) refers to cfcmple.o(.text) for __aeabi_cfcmple
    hlw8110.o(i.Read_HLW8110_PA) refers to hlw8110.o(.data) for u8_RX_Length
    hlw8110.o(i.Read_HLW8110_PA) refers to hlw8110.o(.bss) for u8_RxBuf
    hlw8110.o(i.Read_HLW8110_PF) refers to hlw8110.o(i.Uart_Read_HLW8110_Reg) for Uart_Read_HLW8110_Reg
    hlw8110.o(i.Read_HLW8110_PF) refers to delay.o(i.delay_ms) for delay_ms
    hlw8110.o(i.Read_HLW8110_PF) refers to hlw8110.o(i.HLW8110_checkSum_Read) for HLW8110_checkSum_Read
    hlw8110.o(i.Read_HLW8110_PF) refers to ffltui.o(.text) for __aeabi_ui2f
    hlw8110.o(i.Read_HLW8110_PF) refers to fdiv.o(.text) for __aeabi_fdiv
    hlw8110.o(i.Read_HLW8110_PF) refers to f2d.o(.text) for __aeabi_f2d
    hlw8110.o(i.Read_HLW8110_PF) refers to cdcmple.o(.text) for __aeabi_cdcmple
    hlw8110.o(i.Read_HLW8110_PF) refers to hlw8110.o(.data) for u8_RX_Length
    hlw8110.o(i.Read_HLW8110_PF) refers to hlw8110.o(.bss) for u8_RxBuf
    hlw8110.o(i.Read_HLW8110_U) refers to hlw8110.o(i.Uart_Read_HLW8110_Reg) for Uart_Read_HLW8110_Reg
    hlw8110.o(i.Read_HLW8110_U) refers to delay.o(i.delay_ms) for delay_ms
    hlw8110.o(i.Read_HLW8110_U) refers to hlw8110.o(i.HLW8110_checkSum_Read) for HLW8110_checkSum_Read
    hlw8110.o(i.Read_HLW8110_U) refers to ffltui.o(.text) for __aeabi_ui2f
    hlw8110.o(i.Read_HLW8110_U) refers to fmul.o(.text) for __aeabi_fmul
    hlw8110.o(i.Read_HLW8110_U) refers to fdiv.o(.text) for __aeabi_fdiv
    hlw8110.o(i.Read_HLW8110_U) refers to hlw8110.o(.data) for u8_RX_Length
    hlw8110.o(i.Read_HLW8110_U) refers to hlw8110.o(.bss) for u8_RxBuf
    hlw8110.o(i.Read_HLW8112_State) refers to hlw8110.o(i.Uart_Read_HLW8110_Reg) for Uart_Read_HLW8110_Reg
    hlw8110.o(i.Set_Leakage) refers to hlw8110.o(i.Uart_Read_HLW8110_Reg) for Uart_Read_HLW8110_Reg
    hlw8110.o(i.Set_Leakage) refers to delay.o(i.delay_ms) for delay_ms
    hlw8110.o(i.Set_Leakage) refers to hlw8110.o(i.HLW8110_checkSum_Read) for HLW8110_checkSum_Read
    hlw8110.o(i.Set_Leakage) refers to printfa.o(i.__0printf) for __2printf
    hlw8110.o(i.Set_Leakage) refers to hlw8110.o(i.Uart_HLW8110_WriteREG_EN) for Uart_HLW8110_WriteREG_EN
    hlw8110.o(i.Set_Leakage) refers to hlw8110.o(i.Uart_Write_HLW8110_Reg) for Uart_Write_HLW8110_Reg
    hlw8110.o(i.Set_Leakage) refers to hlw8110.o(i.Uart_HLW8110_WriteREG_DIS) for Uart_HLW8110_WriteREG_DIS
    hlw8110.o(i.Set_Leakage) refers to hlw8110.o(.data) for u8_RX_Length
    hlw8110.o(i.Set_Leakage) refers to hlw8110.o(.bss) for u8_RxBuf
    hlw8110.o(i.Set_OVLVL) refers to hlw8110.o(i.Uart_HLW8110_WriteREG_EN) for Uart_HLW8110_WriteREG_EN
    hlw8110.o(i.Set_OVLVL) refers to hlw8110.o(i.Uart_Write_HLW8110_Reg) for Uart_Write_HLW8110_Reg
    hlw8110.o(i.Set_OVLVL) refers to hlw8110.o(i.Uart_Read_HLW8110_Reg) for Uart_Read_HLW8110_Reg
    hlw8110.o(i.Set_OVLVL) refers to hlw8110.o(i.HLW8110_checkSum_Read) for HLW8110_checkSum_Read
    hlw8110.o(i.Set_OVLVL) refers to printfa.o(i.__0printf) for __2printf
    hlw8110.o(i.Set_OVLVL) refers to hlw8110.o(i.Uart_HLW8110_WriteREG_DIS) for Uart_HLW8110_WriteREG_DIS
    hlw8110.o(i.Set_OVLVL) refers to hlw8110.o(.data) for u8_RX_Length
    hlw8110.o(i.Set_OVLVL) refers to hlw8110.o(.bss) for u8_RxBuf
    hlw8110.o(i.Set_V_Zero) refers to hlw8110.o(i.Uart_HLW8110_WriteREG_EN) for Uart_HLW8110_WriteREG_EN
    hlw8110.o(i.Set_V_Zero) refers to hlw8110.o(i.Uart_Write_HLW8110_Reg) for Uart_Write_HLW8110_Reg
    hlw8110.o(i.Set_V_Zero) refers to hlw8110.o(i.Uart_Read_HLW8110_Reg) for Uart_Read_HLW8110_Reg
    hlw8110.o(i.Set_V_Zero) refers to hlw8110.o(i.HLW8110_checkSum_Read) for HLW8110_checkSum_Read
    hlw8110.o(i.Set_V_Zero) refers to printfa.o(i.__0printf) for __2printf
    hlw8110.o(i.Set_V_Zero) refers to hlw8110.o(i.Uart_HLW8110_WriteREG_DIS) for Uart_HLW8110_WriteREG_DIS
    hlw8110.o(i.Set_V_Zero) refers to hlw8110.o(.data) for u8_RX_Length
    hlw8110.o(i.Set_V_Zero) refers to hlw8110.o(.bss) for u8_RxBuf
    hlw8110.o(i.Set_underVoltage) refers to hlw8110.o(i.Uart_HLW8110_WriteREG_EN) for Uart_HLW8110_WriteREG_EN
    hlw8110.o(i.Set_underVoltage) refers to hlw8110.o(i.Uart_Write_HLW8110_Reg) for Uart_Write_HLW8110_Reg
    hlw8110.o(i.Set_underVoltage) refers to hlw8110.o(i.Uart_Read_HLW8110_Reg) for Uart_Read_HLW8110_Reg
    hlw8110.o(i.Set_underVoltage) refers to hlw8110.o(i.HLW8110_checkSum_Read) for HLW8110_checkSum_Read
    hlw8110.o(i.Set_underVoltage) refers to printfa.o(i.__0printf) for __2printf
    hlw8110.o(i.Set_underVoltage) refers to hlw8110.o(i.Uart_HLW8110_WriteREG_DIS) for Uart_HLW8110_WriteREG_DIS
    hlw8110.o(i.Set_underVoltage) refers to hlw8110.o(.data) for u8_RX_Length
    hlw8110.o(i.Set_underVoltage) refers to hlw8110.o(.bss) for u8_RxBuf
    hlw8110.o(i.Start_Send_UartData) refers to hlw8110.o(.bss) for u8_TxBuf
    hlw8110.o(i.USART2_IRQHandler) refers to hlw8110.o(.data) for u8_RX_Index
    hlw8110.o(i.USART2_IRQHandler) refers to hlw8110.o(.bss) for u8_RxBuf
    hlw8110.o(i.Uart_HLW8110_Reset) refers to hlw8110.o(i.HLW8110_checkSum_Write) for HLW8110_checkSum_Write
    hlw8110.o(i.Uart_HLW8110_Reset) refers to hlw8110.o(i.Start_Send_UartData) for Start_Send_UartData
    hlw8110.o(i.Uart_HLW8110_Reset) refers to hlw8110.o(.data) for u8_TX_Length
    hlw8110.o(i.Uart_HLW8110_Reset) refers to hlw8110.o(.bss) for u8_TxBuf
    hlw8110.o(i.Uart_HLW8110_Set_Channel_A) refers to hlw8110.o(i.HLW8110_checkSum_Write) for HLW8110_checkSum_Write
    hlw8110.o(i.Uart_HLW8110_Set_Channel_A) refers to hlw8110.o(i.Start_Send_UartData) for Start_Send_UartData
    hlw8110.o(i.Uart_HLW8110_Set_Channel_A) refers to hlw8110.o(.data) for u8_TX_Length
    hlw8110.o(i.Uart_HLW8110_Set_Channel_A) refers to hlw8110.o(.bss) for u8_TxBuf
    hlw8110.o(i.Uart_HLW8110_WriteREG_DIS) refers to hlw8110.o(i.HLW8110_checkSum_Write) for HLW8110_checkSum_Write
    hlw8110.o(i.Uart_HLW8110_WriteREG_DIS) refers to hlw8110.o(i.Start_Send_UartData) for Start_Send_UartData
    hlw8110.o(i.Uart_HLW8110_WriteREG_DIS) refers to hlw8110.o(.data) for u8_TX_Length
    hlw8110.o(i.Uart_HLW8110_WriteREG_DIS) refers to hlw8110.o(.bss) for u8_TxBuf
    hlw8110.o(i.Uart_HLW8110_WriteREG_EN) refers to hlw8110.o(i.HLW8110_checkSum_Write) for HLW8110_checkSum_Write
    hlw8110.o(i.Uart_HLW8110_WriteREG_EN) refers to hlw8110.o(i.Start_Send_UartData) for Start_Send_UartData
    hlw8110.o(i.Uart_HLW8110_WriteREG_EN) refers to hlw8110.o(.data) for u8_TX_Length
    hlw8110.o(i.Uart_HLW8110_WriteREG_EN) refers to hlw8110.o(.bss) for u8_TxBuf
    hlw8110.o(i.Uart_Read_HLW8110_Reg) refers to hlw8110.o(i.Clear_RxBuf) for Clear_RxBuf
    hlw8110.o(i.Uart_Read_HLW8110_Reg) refers to hlw8110.o(i.Start_Send_UartData) for Start_Send_UartData
    hlw8110.o(i.Uart_Read_HLW8110_Reg) refers to hlw8110.o(.bss) for u8_TxBuf
    hlw8110.o(i.Uart_Read_HLW8110_Reg) refers to hlw8110.o(.data) for u8_TX_Length
    hlw8110.o(i.Uart_Write_HLW8110_Reg) refers to hlw8110.o(i.HLW8110_checkSum_Write) for HLW8110_checkSum_Write
    hlw8110.o(i.Uart_Write_HLW8110_Reg) refers to hlw8110.o(i.Start_Send_UartData) for Start_Send_UartData
    hlw8110.o(i.Uart_Write_HLW8110_Reg) refers to hlw8110.o(.bss) for u8_TxBuf
    hlw8110.o(i.Uart_Write_HLW8110_Reg) refers to hlw8110.o(.data) for u8_TX_Length
    bc260y.o(i.BC260Y_Init) refers to air32f10x_rcc.o(i.RCC_APB2PeriphClockCmd) for RCC_APB2PeriphClockCmd
    bc260y.o(i.BC260Y_Init) refers to air32f10x_gpio.o(i.GPIO_Init) for GPIO_Init
    bc260y.o(i.BC260Y_Init) refers to air32f10x_gpio.o(i.GPIO_SetBits) for GPIO_SetBits
    bc260y.o(i.BC260Y_Init) refers to delay.o(i.delay_ms) for delay_ms
    bc260y.o(i.BC260Y_Init) refers to air32f10x_gpio.o(i.GPIO_ResetBits) for GPIO_ResetBits
    bc260y.o(i.BC260Y_Init) refers to bc260y.o(i.Send_Cmd) for Send_Cmd
    bc260y.o(i.BC260Y_Init) refers to gui.o(i.Gui_DrawFont_GBK16) for Gui_DrawFont_GBK16
    bc260y.o(i.BC260Y_Init) refers to printfa.o(i.__0sprintf) for __2sprintf
    bc260y.o(i.BC260Y_Init) refers to bc260y.o(.data) for NB_Signal_Value
    bc260y.o(i.BC260Y_Init) refers to bc260y.o(.bss) for u8_RxBuf1
    bc260y.o(i.BC260Y_Notify) refers to bc260y.o(i.Clear_Buf_CMD) for Clear_Buf_CMD
    bc260y.o(i.BC260Y_Notify) refers to bc260y.o(i.Data_Processing) for Data_Processing
    bc260y.o(i.BC260Y_Notify) refers to bc260y.o(i.Send_Cmd) for Send_Cmd
    bc260y.o(i.BC260Y_Notify) refers to delay.o(i.delay_ms) for delay_ms
    bc260y.o(i.BC260Y_Notify) refers to bc260y.o(.bss) for NB_NOTIFY_Value_CMD
    bc260y.o(i.Connect_Onenet_Init) refers to bc260y.o(i.Send_Cmd) for Send_Cmd
    bc260y.o(i.Connect_Onenet_Init) refers to delay.o(i.delay_ms) for delay_ms
    bc260y.o(i.Data_Processing) refers to strcat.o(.text) for strcat
    bc260y.o(i.Data_Processing) refers to f2d.o(.text) for __aeabi_f2d
    bc260y.o(i.Data_Processing) refers to printfa.o(i.__0sprintf) for __2sprintf
    bc260y.o(i.Data_Processing) refers to bc260y.o(.bss) for NB_NOTIFY_Value_CMD
    bc260y.o(i.Data_Processing) refers to hlw8110.o(.data) for F_AC_V
    bc260y.o(i.Data_Processing) refers to battery.o(.data) for BAT_Q
    bc260y.o(i.Data_Processing) refers to relay.o(.data) for relay_state
    bc260y.o(i.Log_Out) refers to delay.o(i.delay_ms) for delay_ms
    bc260y.o(i.Log_Out) refers to bc260y.o(i.Send_Cmd) for Send_Cmd
    bc260y.o(i.NB_Rec_Handle) refers to strstr.o(.text) for strstr
    bc260y.o(i.NB_Rec_Handle) refers to memcpya.o(.text) for __aeabi_memcpy
    bc260y.o(i.NB_Rec_Handle) refers to strcat.o(.text) for strcat
    bc260y.o(i.NB_Rec_Handle) refers to strcpy.o(.text) for strcpy
    bc260y.o(i.NB_Rec_Handle) refers to gui.o(i.Gui_DrawFont_GBK16) for Gui_DrawFont_GBK16
    bc260y.o(i.NB_Rec_Handle) refers to lcd_driver.o(i.Lcd_Clear) for Lcd_Clear
    bc260y.o(i.NB_Rec_Handle) refers to bc260y.o(i.Clear_Buf_CMD) for Clear_Buf_CMD
    bc260y.o(i.NB_Rec_Handle) refers to bc260y.o(i.Send_Cmd) for Send_Cmd
    bc260y.o(i.NB_Rec_Handle) refers to printfa.o(i.__0sprintf) for __2sprintf
    bc260y.o(i.NB_Rec_Handle) refers to bc260y.o(.bss) for u8_RxBuf1
    bc260y.o(i.NB_Rec_Handle) refers to bc260y.o(.data) for progress
    bc260y.o(i.Notify_Control) refers to bc260y.o(i.BC260Y_Notify) for BC260Y_Notify
    bc260y.o(i.Send_Cmd) refers to bc260y.o(i.Serial_SendString) for Serial_SendString
    bc260y.o(i.Send_Cmd) refers to delay.o(i.delay_ms) for delay_ms
    bc260y.o(i.Send_Cmd) refers to strstr.o(.text) for strstr
    bc260y.o(i.Send_Cmd) refers to bc260y.o(.data) for Rx_Data_ING1
    bc260y.o(i.Send_Cmd) refers to bc260y.o(.bss) for u8_RxBuf1
    bc260y.o(i.Serial_SendString) refers to bc260y.o(i.Serial_SendByte) for Serial_SendByte
    bc260y.o(i.USART1_IRQHandler) refers to bc260y.o(.bss) for u8_RxBuf1
    bc260y.o(i.USART1_IRQHandler) refers to bc260y.o(.data) for u8_RX_Index1
    bc260y.o(i.Wait_Onenet_Response) refers to delay.o(i.delay_ms) for delay_ms
    bc260y.o(i.Wait_Onenet_Response) refers to bc260y.o(.data) for Rx_Data_ING1
    gui.o(i.DisplayButtonDown) refers to gui.o(i.Gui_DrawLine) for Gui_DrawLine
    gui.o(i.DisplayButtonUp) refers to gui.o(i.Gui_DrawLine) for Gui_DrawLine
    gui.o(i.Gui_Circle) refers to lcd_driver.o(i.Gui_DrawPoint) for Gui_DrawPoint
    gui.o(i.Gui_DrawChar_24) refers to lcd_driver.o(i.Gui_DrawPoint) for Gui_DrawPoint
    gui.o(i.Gui_DrawChar_24) refers to gui.o(.constdata) for asc24
    gui.o(i.Gui_DrawFont_GBK16) refers to lcd_driver.o(i.Gui_DrawPoint) for Gui_DrawPoint
    gui.o(i.Gui_DrawFont_GBK16) refers to gui.o(.constdata) for asc16
    gui.o(i.Gui_DrawFont_GBK24) refers to lcd_driver.o(i.Gui_DrawPoint) for Gui_DrawPoint
    gui.o(i.Gui_DrawFont_GBK24) refers to gui.o(.constdata) for asc24
    gui.o(i.Gui_DrawFont_Num32) refers to lcd_driver.o(i.Gui_DrawPoint) for Gui_DrawPoint
    gui.o(i.Gui_DrawFont_Num32) refers to gui.o(.constdata) for sz32
    gui.o(i.Gui_DrawLine) refers to lcd_driver.o(i.Lcd_SetXY) for Lcd_SetXY
    gui.o(i.Gui_DrawLine) refers to lcd_driver.o(i.Gui_DrawPoint) for Gui_DrawPoint
    gui.o(i.Gui_box) refers to gui.o(i.Gui_DrawLine) for Gui_DrawLine
    gui.o(i.Gui_box2) refers to gui.o(i.Gui_DrawLine) for Gui_DrawLine
    lcd_driver.o(i.Gui_DrawPoint) refers to lcd_driver.o(i.Lcd_SetRegion) for Lcd_SetRegion
    lcd_driver.o(i.Gui_DrawPoint) refers to lcd_driver.o(i.LCD_WriteData_16Bit) for LCD_WriteData_16Bit
    lcd_driver.o(i.LCD_GPIO_Init) refers to air32f10x_rcc.o(i.RCC_APB2PeriphClockCmd) for RCC_APB2PeriphClockCmd
    lcd_driver.o(i.LCD_GPIO_Init) refers to air32f10x_gpio.o(i.GPIO_Init) for GPIO_Init
    lcd_driver.o(i.LCD_WriteData_16Bit) refers to lcd_driver.o(i.SPI_WriteData) for SPI_WriteData
    lcd_driver.o(i.Lcd_Clear) refers to lcd_driver.o(i.Lcd_SetRegion) for Lcd_SetRegion
    lcd_driver.o(i.Lcd_Clear) refers to lcd_driver.o(i.Lcd_WriteIndex) for Lcd_WriteIndex
    lcd_driver.o(i.Lcd_Clear) refers to lcd_driver.o(i.LCD_WriteData_16Bit) for LCD_WriteData_16Bit
    lcd_driver.o(i.Lcd_Init) refers to lcd_driver.o(i.LCD_GPIO_Init) for LCD_GPIO_Init
    lcd_driver.o(i.Lcd_Init) refers to lcd_driver.o(i.Lcd_Reset) for Lcd_Reset
    lcd_driver.o(i.Lcd_Init) refers to lcd_driver.o(i.Lcd_WriteIndex) for Lcd_WriteIndex
    lcd_driver.o(i.Lcd_Init) refers to delay.o(i.delay_ms) for delay_ms
    lcd_driver.o(i.Lcd_Init) refers to lcd_driver.o(i.Lcd_WriteData) for Lcd_WriteData
    lcd_driver.o(i.Lcd_ReadPoint) refers to lcd_driver.o(i.Lcd_SetXY) for Lcd_SetXY
    lcd_driver.o(i.Lcd_ReadPoint) refers to lcd_driver.o(i.Lcd_WriteData) for Lcd_WriteData
    lcd_driver.o(i.Lcd_Reset) refers to delay.o(i.delay_ms) for delay_ms
    lcd_driver.o(i.Lcd_SetRegion) refers to lcd_driver.o(i.Lcd_WriteIndex) for Lcd_WriteIndex
    lcd_driver.o(i.Lcd_SetRegion) refers to lcd_driver.o(i.Lcd_WriteData) for Lcd_WriteData
    lcd_driver.o(i.Lcd_SetXY) refers to lcd_driver.o(i.Lcd_SetRegion) for Lcd_SetRegion
    lcd_driver.o(i.Lcd_WriteData) refers to lcd_driver.o(i.SPI_WriteData) for SPI_WriteData
    lcd_driver.o(i.Lcd_WriteIndex) refers to lcd_driver.o(i.SPI_WriteData) for SPI_WriteData
    lcd_driver.o(i.Lcd_WriteReg) refers to lcd_driver.o(i.Lcd_WriteIndex) for Lcd_WriteIndex
    lcd_driver.o(i.Lcd_WriteReg) refers to lcd_driver.o(i.Lcd_WriteData) for Lcd_WriteData
    timer.o(i.TIM3_IRQHandler) refers to timer.o(.data) for B_ReadData_HLW8110
    timer.o(i.TIM3_Int_Init) refers to sys.o(i.MY_NVIC_Init) for MY_NVIC_Init
    lcd_displayinformation.o(i.DisplayMenu) refers to gui.o(i.Gui_DrawFont_GBK24) for Gui_DrawFont_GBK24
    lcd_displayinformation.o(i.DisplayMenu) refers to delay.o(i.delay_ms) for delay_ms
    lcd_displayinformation.o(i.DisplayParameter) refers to lcd_displayinformation.o(i.Transform) for Transform
    lcd_displayinformation.o(i.DisplayParameter) refers to gui.o(i.Gui_DrawFont_GBK24) for Gui_DrawFont_GBK24
    lcd_displayinformation.o(i.DisplayParameter) refers to delay.o(i.delay_ms) for delay_ms
    lcd_displayinformation.o(i.DisplayParameter) refers to lcd_displayinformation.o(i.Clear_temp) for Clear_temp
    lcd_displayinformation.o(i.DisplayParameter) refers to printfa.o(i.__0sprintf) for __2sprintf
    lcd_displayinformation.o(i.DisplayParameter) refers to hlw8110.o(.data) for F_AC_V
    lcd_displayinformation.o(i.DisplayParameter) refers to battery.o(.data) for BAT_Q
    lcd_displayinformation.o(i.Transform) refers to f2d.o(.text) for __aeabi_f2d
    lcd_displayinformation.o(i.Transform) refers to printfa.o(i.__0sprintf) for __2sprintf
    lcd_displayinformation.o(i.showimage) refers to lcd_driver.o(i.Lcd_Clear) for Lcd_Clear
    lcd_displayinformation.o(i.showimage) refers to lcd_driver.o(i.Lcd_SetRegion) for Lcd_SetRegion
    lcd_displayinformation.o(i.showimage) refers to lcd_driver.o(i.LCD_WriteData_16Bit) for LCD_WriteData_16Bit
    relay.o(i.relay_Init) refers to air32f10x_rcc.o(i.RCC_APB2PeriphClockCmd) for RCC_APB2PeriphClockCmd
    relay.o(i.relay_Init) refers to air32f10x_gpio.o(i.GPIO_Init) for GPIO_Init
    relay.o(i.relay_Init) refers to air32f10x_gpio.o(i.GPIO_SetBits) for GPIO_SetBits
    relay.o(i.relay_Init) refers to relay.o(.data) for relay_state
    relay.o(i.relay_OFF) refers to air32f10x_gpio.o(i.GPIO_SetBits) for GPIO_SetBits
    relay.o(i.relay_OFF) refers to relay.o(.data) for relay_state
    relay.o(i.relay_ON) refers to air32f10x_gpio.o(i.GPIO_ResetBits) for GPIO_ResetBits
    relay.o(i.relay_ON) refers to relay.o(.data) for relay_state
    power_en.o(i.Power_ON) refers to air32f10x_rcc.o(i.RCC_APB2PeriphClockCmd) for RCC_APB2PeriphClockCmd
    power_en.o(i.Power_ON) refers to air32f10x_gpio.o(i.GPIO_Init) for GPIO_Init
    power_en.o(i.Power_ON) refers to air32f10x_gpio.o(i.GPIO_SetBits) for GPIO_SetBits
    power_en.o(i.Shut_Down) refers to air32f10x_gpio.o(i.GPIO_ResetBits) for GPIO_ResetBits
    power_en.o(i.Shut_Down_Init) refers to air32f10x_rcc.o(i.RCC_APB2PeriphClockCmd) for RCC_APB2PeriphClockCmd
    power_en.o(i.Shut_Down_Init) refers to air32f10x_gpio.o(i.GPIO_Init) for GPIO_Init
    battery.o(i.AD_GetValue) refers to air32f10x_adc.o(i.ADC_RegularChannelConfig) for ADC_RegularChannelConfig
    battery.o(i.AD_GetValue) refers to air32f10x_adc.o(i.ADC_SoftwareStartConvCmd) for ADC_SoftwareStartConvCmd
    battery.o(i.AD_GetValue) refers to air32f10x_adc.o(i.ADC_GetFlagStatus) for ADC_GetFlagStatus
    battery.o(i.AD_GetValue) refers to air32f10x_adc.o(i.ADC_GetConversionValue) for ADC_GetConversionValue
    battery.o(i.AD_GetValue) refers to ffltui.o(.text) for __aeabi_ui2f
    battery.o(i.Adc_Init) refers to air32f10x_rcc.o(i.RCC_APB2PeriphClockCmd) for RCC_APB2PeriphClockCmd
    battery.o(i.Adc_Init) refers to air32f10x_rcc.o(i.RCC_ADCCLKConfig) for RCC_ADCCLKConfig
    battery.o(i.Adc_Init) refers to air32f10x_gpio.o(i.GPIO_Init) for GPIO_Init
    battery.o(i.Adc_Init) refers to air32f10x_adc.o(i.ADC_DeInit) for ADC_DeInit
    battery.o(i.Adc_Init) refers to air32f10x_adc.o(i.ADC_TempSensorVrefintCmd) for ADC_TempSensorVrefintCmd
    battery.o(i.Adc_Init) refers to air32f10x_adc.o(i.ADC_Init) for ADC_Init
    battery.o(i.Adc_Init) refers to air32f10x_adc.o(i.ADC_Cmd) for ADC_Cmd
    battery.o(i.Adc_Init) refers to air32f10x_adc.o(i.ADC_ResetCalibration) for ADC_ResetCalibration
    battery.o(i.Adc_Init) refers to air32f10x_adc.o(i.ADC_GetResetCalibrationStatus) for ADC_GetResetCalibrationStatus
    battery.o(i.Adc_Init) refers to air32f10x_adc.o(i.ADC_StartCalibration) for ADC_StartCalibration
    battery.o(i.Adc_Init) refers to air32f10x_adc.o(i.ADC_GetCalibrationStatus) for ADC_GetCalibrationStatus
    battery.o(i.Get_VBAT_Average) refers to battery.o(i.AD_GetValue) for AD_GetValue
    battery.o(i.Get_VBAT_Average) refers to delay.o(i.delay_ms) for delay_ms
    battery.o(i.Get_VBAT_Average) refers to f2d.o(.text) for __aeabi_f2d
    battery.o(i.Get_VBAT_Average) refers to dmul.o(.text) for __aeabi_dmul
    battery.o(i.Get_VBAT_Average) refers to ddiv.o(.text) for __aeabi_ddiv
    battery.o(i.Get_VBAT_Average) refers to d2f.o(.text) for __aeabi_d2f
    battery.o(i.Get_VBAT_Average) refers to fadd.o(.text) for __aeabi_fadd
    battery.o(i.Get_VBAT_Average) refers to ffltui.o(.text) for __aeabi_ui2f
    battery.o(i.Get_VBAT_Average) refers to fdiv.o(.text) for __aeabi_fdiv
    battery.o(i.Get_VBAT_Average) refers to fmul.o(.text) for __aeabi_fmul
    battery.o(i.Get_VBAT_Average) refers to cdrcmple.o(.text) for __aeabi_cdrcmple
    battery.o(i.Get_VBAT_Average) refers to cdcmple.o(.text) for __aeabi_cdcmple
    battery.o(i.Get_VBAT_Average) refers to e_meter_crt.o(i.E_Data_Write) for E_Data_Write
    battery.o(i.Get_VBAT_Average) refers to power_en.o(i.Shut_Down) for Shut_Down
    battery.o(i.Get_VBAT_Average) refers to dadd.o(.text) for __aeabi_drsub
    battery.o(i.Get_VBAT_Average) refers to dfixui.o(.text) for __aeabi_d2uiz
    battery.o(i.Get_VBAT_Average) refers to relay.o(i.relay_OFF) for relay_OFF
    battery.o(i.Get_VBAT_Average) refers to battery.o(.data) for ADC_BAT_Value
    battery.o(i.battery_EN) refers to air32f10x_rcc.o(i.RCC_APB2PeriphClockCmd) for RCC_APB2PeriphClockCmd
    battery.o(i.battery_EN) refers to air32f10x_gpio.o(i.GPIO_Init) for GPIO_Init
    battery.o(i.battery_EN) refers to air32f10x_gpio.o(i.GPIO_ResetBits) for GPIO_ResetBits
    main.o(i.main) refers to delay.o(i.delay_init) for delay_init
    main.o(i.main) refers to sys.o(i.Stm32_Clock_Init) for Stm32_Clock_Init
    main.o(i.main) refers to power_en.o(i.Power_ON) for Power_ON
    main.o(i.main) refers to e_meter_crt.o(i.E_Data_Clear) for E_Data_Clear
    main.o(i.main) refers to delay.o(i.delay_ms) for delay_ms
    main.o(i.main) refers to misc.o(i.NVIC_PriorityGroupConfig) for NVIC_PriorityGroupConfig
    main.o(i.main) refers to power_en.o(i.Shut_Down_Init) for Shut_Down_Init
    main.o(i.main) refers to air32f10x_gpio.o(i.GPIO_ReadInputDataBit) for GPIO_ReadInputDataBit
    main.o(i.main) refers to exti.o(i.EXTIX_Init) for EXTIX_Init
    main.o(i.main) refers to battery.o(i.Adc_Init) for Adc_Init
    main.o(i.main) refers to battery.o(i.battery_EN) for battery_EN
    main.o(i.main) refers to usart.o(i.uart1_init) for uart1_init
    main.o(i.main) refers to e_meter_crt.o(i.E_Clear_Init) for E_Clear_Init
    main.o(i.main) refers to timer.o(i.TIM3_Int_Init) for TIM3_Int_Init
    main.o(i.main) refers to usart.o(i.uart2_init) for uart2_init
    main.o(i.main) refers to hlw8110.o(i.Init_HLW8110) for Init_HLW8110
    main.o(i.main) refers to lcd_driver.o(i.Lcd_Init) for Lcd_Init
    main.o(i.main) refers to lcd_driver.o(i.Lcd_Clear) for Lcd_Clear
    main.o(i.main) refers to relay.o(i.relay_Init) for relay_Init
    main.o(i.main) refers to relay.o(i.relay_ON) for relay_ON
    main.o(i.main) refers to lcd_displayinformation.o(i.showimage) for showimage
    main.o(i.main) refers to lcd_displayinformation.o(i.DisplayMenu) for DisplayMenu
    main.o(i.main) refers to hlw8110.o(i.Calculate_HLW8110_MeterData) for Calculate_HLW8110_MeterData
    main.o(i.main) refers to battery.o(i.Get_VBAT_Average) for Get_VBAT_Average
    main.o(i.main) refers to lcd_displayinformation.o(i.DisplayParameter) for DisplayParameter
    main.o(i.main) refers to timer.o(.data) for B_ReadData_HLW8110
    main.o(i.main) refers to main.o(.constdata) for gImage_main
    main.o(i.main) refers to main.o(.data) for Meter_state
    entry.o(.ARM.Collect$$$$00000000) refers (Special) to entry10a.o(.ARM.Collect$$$$0000000D) for __rt_final_cpp
    entry.o(.ARM.Collect$$$$00000000) refers (Special) to entry11a.o(.ARM.Collect$$$$0000000F) for __rt_final_exit
    entry.o(.ARM.Collect$$$$00000000) refers (Special) to entry7b.o(.ARM.Collect$$$$00000008) for _main_clock
    entry.o(.ARM.Collect$$$$00000000) refers (Special) to entry8b.o(.ARM.Collect$$$$0000000A) for _main_cpp_init
    entry.o(.ARM.Collect$$$$00000000) refers (Special) to entry9a.o(.ARM.Collect$$$$0000000B) for _main_init
    entry.o(.ARM.Collect$$$$00000000) refers (Special) to entry5.o(.ARM.Collect$$$$00000004) for _main_scatterload
    entry.o(.ARM.Collect$$$$00000000) refers (Special) to entry2.o(.ARM.Collect$$$$00000001) for _main_stk
    printfb.o(i.__0fprintf$bare) refers to printfb.o(i._printf_core) for _printf_core
    printfb.o(i.__0fprintf$bare) refers to usart.o(i.fputc) for fputc
    printfb.o(i.__0printf$bare) refers to printfb.o(i._printf_core) for _printf_core
    printfb.o(i.__0printf$bare) refers to usart.o(i.fputc) for fputc
    printfb.o(i.__0printf$bare) refers to usart.o(.data) for __stdout
    printfb.o(i.__0snprintf$bare) refers to printfb.o(i._printf_core) for _printf_core
    printfb.o(i.__0snprintf$bare) refers to printfb.o(i._snputc) for _snputc
    printfb.o(i.__0sprintf$bare) refers to printfb.o(i._printf_core) for _printf_core
    printfb.o(i.__0sprintf$bare) refers to printfb.o(i._sputc) for _sputc
    printfb.o(i.__0vfprintf$bare) refers to printfb.o(i._printf_core) for _printf_core
    printfb.o(i.__0vfprintf$bare) refers to usart.o(i.fputc) for fputc
    printfb.o(i.__0vprintf$bare) refers to printfb.o(i._printf_core) for _printf_core
    printfb.o(i.__0vprintf$bare) refers to usart.o(i.fputc) for fputc
    printfb.o(i.__0vprintf$bare) refers to usart.o(.data) for __stdout
    printfb.o(i.__0vsnprintf$bare) refers to printfb.o(i._printf_core) for _printf_core
    printfb.o(i.__0vsnprintf$bare) refers to printfb.o(i._snputc) for _snputc
    printfb.o(i.__0vsprintf$bare) refers to printfb.o(i._printf_core) for _printf_core
    printfb.o(i.__0vsprintf$bare) refers to printfb.o(i._sputc) for _sputc
    printf0.o(i.__0fprintf$0) refers to printf0.o(i._printf_core) for _printf_core
    printf0.o(i.__0fprintf$0) refers to usart.o(i.fputc) for fputc
    printf0.o(i.__0printf$0) refers to printf0.o(i._printf_core) for _printf_core
    printf0.o(i.__0printf$0) refers to usart.o(i.fputc) for fputc
    printf0.o(i.__0printf$0) refers to usart.o(.data) for __stdout
    printf0.o(i.__0snprintf$0) refers to printf0.o(i._printf_core) for _printf_core
    printf0.o(i.__0snprintf$0) refers to printf0.o(i._snputc) for _snputc
    printf0.o(i.__0sprintf$0) refers to printf0.o(i._printf_core) for _printf_core
    printf0.o(i.__0sprintf$0) refers to printf0.o(i._sputc) for _sputc
    printf0.o(i.__0vfprintf$0) refers to printf0.o(i._printf_core) for _printf_core
    printf0.o(i.__0vfprintf$0) refers to usart.o(i.fputc) for fputc
    printf0.o(i.__0vprintf$0) refers to printf0.o(i._printf_core) for _printf_core
    printf0.o(i.__0vprintf$0) refers to usart.o(i.fputc) for fputc
    printf0.o(i.__0vprintf$0) refers to usart.o(.data) for __stdout
    printf0.o(i.__0vsnprintf$0) refers to printf0.o(i._printf_core) for _printf_core
    printf0.o(i.__0vsnprintf$0) refers to printf0.o(i._snputc) for _snputc
    printf0.o(i.__0vsprintf$0) refers to printf0.o(i._printf_core) for _printf_core
    printf0.o(i.__0vsprintf$0) refers to printf0.o(i._sputc) for _sputc
    printf1.o(i.__0fprintf$1) refers to printf1.o(i._printf_core) for _printf_core
    printf1.o(i.__0fprintf$1) refers to usart.o(i.fputc) for fputc
    printf1.o(i.__0printf$1) refers to printf1.o(i._printf_core) for _printf_core
    printf1.o(i.__0printf$1) refers to usart.o(i.fputc) for fputc
    printf1.o(i.__0printf$1) refers to usart.o(.data) for __stdout
    printf1.o(i.__0snprintf$1) refers to printf1.o(i._printf_core) for _printf_core
    printf1.o(i.__0snprintf$1) refers to printf1.o(i._snputc) for _snputc
    printf1.o(i.__0sprintf$1) refers to printf1.o(i._printf_core) for _printf_core
    printf1.o(i.__0sprintf$1) refers to printf1.o(i._sputc) for _sputc
    printf1.o(i.__0vfprintf$1) refers to printf1.o(i._printf_core) for _printf_core
    printf1.o(i.__0vfprintf$1) refers to usart.o(i.fputc) for fputc
    printf1.o(i.__0vprintf$1) refers to printf1.o(i._printf_core) for _printf_core
    printf1.o(i.__0vprintf$1) refers to usart.o(i.fputc) for fputc
    printf1.o(i.__0vprintf$1) refers to usart.o(.data) for __stdout
    printf1.o(i.__0vsnprintf$1) refers to printf1.o(i._printf_core) for _printf_core
    printf1.o(i.__0vsnprintf$1) refers to printf1.o(i._snputc) for _snputc
    printf1.o(i.__0vsprintf$1) refers to printf1.o(i._printf_core) for _printf_core
    printf1.o(i.__0vsprintf$1) refers to printf1.o(i._sputc) for _sputc
    printf1.o(i._printf_core) refers to uidiv.o(.text) for __aeabi_uidivmod
    printf2.o(i.__0fprintf$2) refers to printf2.o(i._printf_core) for _printf_core
    printf2.o(i.__0fprintf$2) refers to usart.o(i.fputc) for fputc
    printf2.o(i.__0printf$2) refers to printf2.o(i._printf_core) for _printf_core
    printf2.o(i.__0printf$2) refers to usart.o(i.fputc) for fputc
    printf2.o(i.__0printf$2) refers to usart.o(.data) for __stdout
    printf2.o(i.__0snprintf$2) refers to printf2.o(i._printf_core) for _printf_core
    printf2.o(i.__0snprintf$2) refers to printf2.o(i._snputc) for _snputc
    printf2.o(i.__0sprintf$2) refers to printf2.o(i._printf_core) for _printf_core
    printf2.o(i.__0sprintf$2) refers to printf2.o(i._sputc) for _sputc
    printf2.o(i.__0vfprintf$2) refers to printf2.o(i._printf_core) for _printf_core
    printf2.o(i.__0vfprintf$2) refers to usart.o(i.fputc) for fputc
    printf2.o(i.__0vprintf$2) refers to printf2.o(i._printf_core) for _printf_core
    printf2.o(i.__0vprintf$2) refers to usart.o(i.fputc) for fputc
    printf2.o(i.__0vprintf$2) refers to usart.o(.data) for __stdout
    printf2.o(i.__0vsnprintf$2) refers to printf2.o(i._printf_core) for _printf_core
    printf2.o(i.__0vsnprintf$2) refers to printf2.o(i._snputc) for _snputc
    printf2.o(i.__0vsprintf$2) refers to printf2.o(i._printf_core) for _printf_core
    printf2.o(i.__0vsprintf$2) refers to printf2.o(i._sputc) for _sputc
    printf3.o(i.__0fprintf$3) refers to printf3.o(i._printf_core) for _printf_core
    printf3.o(i.__0fprintf$3) refers to usart.o(i.fputc) for fputc
    printf3.o(i.__0printf$3) refers to printf3.o(i._printf_core) for _printf_core
    printf3.o(i.__0printf$3) refers to usart.o(i.fputc) for fputc
    printf3.o(i.__0printf$3) refers to usart.o(.data) for __stdout
    printf3.o(i.__0snprintf$3) refers to printf3.o(i._printf_core) for _printf_core
    printf3.o(i.__0snprintf$3) refers to printf3.o(i._snputc) for _snputc
    printf3.o(i.__0sprintf$3) refers to printf3.o(i._printf_core) for _printf_core
    printf3.o(i.__0sprintf$3) refers to printf3.o(i._sputc) for _sputc
    printf3.o(i.__0vfprintf$3) refers to printf3.o(i._printf_core) for _printf_core
    printf3.o(i.__0vfprintf$3) refers to usart.o(i.fputc) for fputc
    printf3.o(i.__0vprintf$3) refers to printf3.o(i._printf_core) for _printf_core
    printf3.o(i.__0vprintf$3) refers to usart.o(i.fputc) for fputc
    printf3.o(i.__0vprintf$3) refers to usart.o(.data) for __stdout
    printf3.o(i.__0vsnprintf$3) refers to printf3.o(i._printf_core) for _printf_core
    printf3.o(i.__0vsnprintf$3) refers to printf3.o(i._snputc) for _snputc
    printf3.o(i.__0vsprintf$3) refers to printf3.o(i._printf_core) for _printf_core
    printf3.o(i.__0vsprintf$3) refers to printf3.o(i._sputc) for _sputc
    printf3.o(i._printf_core) refers to uidiv.o(.text) for __aeabi_uidivmod
    printf4.o(i.__0fprintf$4) refers to printf4.o(i._printf_core) for _printf_core
    printf4.o(i.__0fprintf$4) refers to usart.o(i.fputc) for fputc
    printf4.o(i.__0printf$4) refers to printf4.o(i._printf_core) for _printf_core
    printf4.o(i.__0printf$4) refers to usart.o(i.fputc) for fputc
    printf4.o(i.__0printf$4) refers to usart.o(.data) for __stdout
    printf4.o(i.__0snprintf$4) refers to printf4.o(i._printf_core) for _printf_core
    printf4.o(i.__0snprintf$4) refers to printf4.o(i._snputc) for _snputc
    printf4.o(i.__0sprintf$4) refers to printf4.o(i._printf_core) for _printf_core
    printf4.o(i.__0sprintf$4) refers to printf4.o(i._sputc) for _sputc
    printf4.o(i.__0vfprintf$4) refers to printf4.o(i._printf_core) for _printf_core
    printf4.o(i.__0vfprintf$4) refers to usart.o(i.fputc) for fputc
    printf4.o(i.__0vprintf$4) refers to printf4.o(i._printf_core) for _printf_core
    printf4.o(i.__0vprintf$4) refers to usart.o(i.fputc) for fputc
    printf4.o(i.__0vprintf$4) refers to usart.o(.data) for __stdout
    printf4.o(i.__0vsnprintf$4) refers to printf4.o(i._printf_core) for _printf_core
    printf4.o(i.__0vsnprintf$4) refers to printf4.o(i._snputc) for _snputc
    printf4.o(i.__0vsprintf$4) refers to printf4.o(i._printf_core) for _printf_core
    printf4.o(i.__0vsprintf$4) refers to printf4.o(i._sputc) for _sputc
    printf4.o(i._printf_core) refers to uldiv.o(.text) for __aeabi_uldivmod
    printf5.o(i.__0fprintf$5) refers to printf5.o(i._printf_core) for _printf_core
    printf5.o(i.__0fprintf$5) refers to usart.o(i.fputc) for fputc
    printf5.o(i.__0printf$5) refers to printf5.o(i._printf_core) for _printf_core
    printf5.o(i.__0printf$5) refers to usart.o(i.fputc) for fputc
    printf5.o(i.__0printf$5) refers to usart.o(.data) for __stdout
    printf5.o(i.__0snprintf$5) refers to printf5.o(i._printf_core) for _printf_core
    printf5.o(i.__0snprintf$5) refers to printf5.o(i._snputc) for _snputc
    printf5.o(i.__0sprintf$5) refers to printf5.o(i._printf_core) for _printf_core
    printf5.o(i.__0sprintf$5) refers to printf5.o(i._sputc) for _sputc
    printf5.o(i.__0vfprintf$5) refers to printf5.o(i._printf_core) for _printf_core
    printf5.o(i.__0vfprintf$5) refers to usart.o(i.fputc) for fputc
    printf5.o(i.__0vprintf$5) refers to printf5.o(i._printf_core) for _printf_core
    printf5.o(i.__0vprintf$5) refers to usart.o(i.fputc) for fputc
    printf5.o(i.__0vprintf$5) refers to usart.o(.data) for __stdout
    printf5.o(i.__0vsnprintf$5) refers to printf5.o(i._printf_core) for _printf_core
    printf5.o(i.__0vsnprintf$5) refers to printf5.o(i._snputc) for _snputc
    printf5.o(i.__0vsprintf$5) refers to printf5.o(i._printf_core) for _printf_core
    printf5.o(i.__0vsprintf$5) refers to printf5.o(i._sputc) for _sputc
    printf5.o(i._printf_core) refers to uldiv.o(.text) for __aeabi_uldivmod
    printf6.o(i.__0fprintf$6) refers to printf6.o(i._printf_core) for _printf_core
    printf6.o(i.__0fprintf$6) refers to usart.o(i.fputc) for fputc
    printf6.o(i.__0printf$6) refers to printf6.o(i._printf_core) for _printf_core
    printf6.o(i.__0printf$6) refers to usart.o(i.fputc) for fputc
    printf6.o(i.__0printf$6) refers to usart.o(.data) for __stdout
    printf6.o(i.__0snprintf$6) refers to printf6.o(i._printf_core) for _printf_core
    printf6.o(i.__0snprintf$6) refers to printf6.o(i._snputc) for _snputc
    printf6.o(i.__0sprintf$6) refers to printf6.o(i._printf_core) for _printf_core
    printf6.o(i.__0sprintf$6) refers to printf6.o(i._sputc) for _sputc
    printf6.o(i.__0vfprintf$6) refers to printf6.o(i._printf_core) for _printf_core
    printf6.o(i.__0vfprintf$6) refers to usart.o(i.fputc) for fputc
    printf6.o(i.__0vprintf$6) refers to printf6.o(i._printf_core) for _printf_core
    printf6.o(i.__0vprintf$6) refers to usart.o(i.fputc) for fputc
    printf6.o(i.__0vprintf$6) refers to usart.o(.data) for __stdout
    printf6.o(i.__0vsnprintf$6) refers to printf6.o(i._printf_core) for _printf_core
    printf6.o(i.__0vsnprintf$6) refers to printf6.o(i._snputc) for _snputc
    printf6.o(i.__0vsprintf$6) refers to printf6.o(i._printf_core) for _printf_core
    printf6.o(i.__0vsprintf$6) refers to printf6.o(i._sputc) for _sputc
    printf6.o(i._printf_core) refers to printf6.o(i._printf_pre_padding) for _printf_pre_padding
    printf6.o(i._printf_core) refers to uidiv.o(.text) for __aeabi_uidivmod
    printf6.o(i._printf_core) refers to printf6.o(i._printf_post_padding) for _printf_post_padding
    printf7.o(i.__0fprintf$7) refers to printf7.o(i._printf_core) for _printf_core
    printf7.o(i.__0fprintf$7) refers to usart.o(i.fputc) for fputc
    printf7.o(i.__0printf$7) refers to printf7.o(i._printf_core) for _printf_core
    printf7.o(i.__0printf$7) refers to usart.o(i.fputc) for fputc
    printf7.o(i.__0printf$7) refers to usart.o(.data) for __stdout
    printf7.o(i.__0snprintf$7) refers to printf7.o(i._printf_core) for _printf_core
    printf7.o(i.__0snprintf$7) refers to printf7.o(i._snputc) for _snputc
    printf7.o(i.__0sprintf$7) refers to printf7.o(i._printf_core) for _printf_core
    printf7.o(i.__0sprintf$7) refers to printf7.o(i._sputc) for _sputc
    printf7.o(i.__0vfprintf$7) refers to printf7.o(i._printf_core) for _printf_core
    printf7.o(i.__0vfprintf$7) refers to usart.o(i.fputc) for fputc
    printf7.o(i.__0vprintf$7) refers to printf7.o(i._printf_core) for _printf_core
    printf7.o(i.__0vprintf$7) refers to usart.o(i.fputc) for fputc
    printf7.o(i.__0vprintf$7) refers to usart.o(.data) for __stdout
    printf7.o(i.__0vsnprintf$7) refers to printf7.o(i._printf_core) for _printf_core
    printf7.o(i.__0vsnprintf$7) refers to printf7.o(i._snputc) for _snputc
    printf7.o(i.__0vsprintf$7) refers to printf7.o(i._printf_core) for _printf_core
    printf7.o(i.__0vsprintf$7) refers to printf7.o(i._sputc) for _sputc
    printf7.o(i._printf_core) refers to printf7.o(i._printf_pre_padding) for _printf_pre_padding
    printf7.o(i._printf_core) refers to uldiv.o(.text) for __aeabi_uldivmod
    printf7.o(i._printf_core) refers to printf7.o(i._printf_post_padding) for _printf_post_padding
    printf8.o(i.__0fprintf$8) refers to printf8.o(i._printf_core) for _printf_core
    printf8.o(i.__0fprintf$8) refers to usart.o(i.fputc) for fputc
    printf8.o(i.__0printf$8) refers to printf8.o(i._printf_core) for _printf_core
    printf8.o(i.__0printf$8) refers to usart.o(i.fputc) for fputc
    printf8.o(i.__0printf$8) refers to usart.o(.data) for __stdout
    printf8.o(i.__0snprintf$8) refers to printf8.o(i._printf_core) for _printf_core
    printf8.o(i.__0snprintf$8) refers to printf8.o(i._snputc) for _snputc
    printf8.o(i.__0sprintf$8) refers to printf8.o(i._printf_core) for _printf_core
    printf8.o(i.__0sprintf$8) refers to printf8.o(i._sputc) for _sputc
    printf8.o(i.__0vfprintf$8) refers to printf8.o(i._printf_core) for _printf_core
    printf8.o(i.__0vfprintf$8) refers to usart.o(i.fputc) for fputc
    printf8.o(i.__0vprintf$8) refers to printf8.o(i._printf_core) for _printf_core
    printf8.o(i.__0vprintf$8) refers to usart.o(i.fputc) for fputc
    printf8.o(i.__0vprintf$8) refers to usart.o(.data) for __stdout
    printf8.o(i.__0vsnprintf$8) refers to printf8.o(i._printf_core) for _printf_core
    printf8.o(i.__0vsnprintf$8) refers to printf8.o(i._snputc) for _snputc
    printf8.o(i.__0vsprintf$8) refers to printf8.o(i._printf_core) for _printf_core
    printf8.o(i.__0vsprintf$8) refers to printf8.o(i._sputc) for _sputc
    printf8.o(i._printf_core) refers to printf8.o(i._printf_pre_padding) for _printf_pre_padding
    printf8.o(i._printf_core) refers to uldiv.o(.text) for __aeabi_uldivmod
    printf8.o(i._printf_core) refers to printf8.o(i._printf_post_padding) for _printf_post_padding
    printfa.o(i.__0fprintf) refers (Special) to iusefp.o(.text) for __I$use$fp
    printfa.o(i.__0fprintf) refers to printfa.o(i._printf_core) for _printf_core
    printfa.o(i.__0fprintf) refers to usart.o(i.fputc) for fputc
    printfa.o(i.__0printf) refers (Special) to iusefp.o(.text) for __I$use$fp
    printfa.o(i.__0printf) refers to printfa.o(i._printf_core) for _printf_core
    printfa.o(i.__0printf) refers to usart.o(i.fputc) for fputc
    printfa.o(i.__0printf) refers to usart.o(.data) for __stdout
    printfa.o(i.__0snprintf) refers (Special) to iusefp.o(.text) for __I$use$fp
    printfa.o(i.__0snprintf) refers to printfa.o(i._printf_core) for _printf_core
    printfa.o(i.__0snprintf) refers to printfa.o(i._snputc) for _snputc
    printfa.o(i.__0sprintf) refers (Special) to iusefp.o(.text) for __I$use$fp
    printfa.o(i.__0sprintf) refers to printfa.o(i._printf_core) for _printf_core
    printfa.o(i.__0sprintf) refers to printfa.o(i._sputc) for _sputc
    printfa.o(i.__0vfprintf) refers (Special) to iusefp.o(.text) for __I$use$fp
    printfa.o(i.__0vfprintf) refers to printfa.o(i._printf_core) for _printf_core
    printfa.o(i.__0vfprintf) refers to usart.o(i.fputc) for fputc
    printfa.o(i.__0vprintf) refers (Special) to iusefp.o(.text) for __I$use$fp
    printfa.o(i.__0vprintf) refers to printfa.o(i._printf_core) for _printf_core
    printfa.o(i.__0vprintf) refers to usart.o(i.fputc) for fputc
    printfa.o(i.__0vprintf) refers to usart.o(.data) for __stdout
    printfa.o(i.__0vsnprintf) refers (Special) to iusefp.o(.text) for __I$use$fp
    printfa.o(i.__0vsnprintf) refers to printfa.o(i._printf_core) for _printf_core
    printfa.o(i.__0vsnprintf) refers to printfa.o(i._snputc) for _snputc
    printfa.o(i.__0vsprintf) refers (Special) to iusefp.o(.text) for __I$use$fp
    printfa.o(i.__0vsprintf) refers to printfa.o(i._printf_core) for _printf_core
    printfa.o(i.__0vsprintf) refers to printfa.o(i._sputc) for _sputc
    printfa.o(i._fp_digits) refers (Special) to iusefp.o(.text) for __I$use$fp
    printfa.o(i._fp_digits) refers to dmul.o(.text) for __aeabi_dmul
    printfa.o(i._fp_digits) refers to ddiv.o(.text) for __aeabi_ddiv
    printfa.o(i._fp_digits) refers to cdrcmple.o(.text) for __aeabi_cdrcmple
    printfa.o(i._fp_digits) refers to dadd.o(.text) for __aeabi_dadd
    printfa.o(i._fp_digits) refers to dfixul.o(.text) for __aeabi_d2ulz
    printfa.o(i._fp_digits) refers to uldiv.o(.text) for __aeabi_uldivmod
    printfa.o(i._printf_core) refers (Special) to iusefp.o(.text) for __I$use$fp
    printfa.o(i._printf_core) refers to printfa.o(i._printf_pre_padding) for _printf_pre_padding
    printfa.o(i._printf_core) refers to uldiv.o(.text) for __aeabi_uldivmod
    printfa.o(i._printf_core) refers to printfa.o(i._printf_post_padding) for _printf_post_padding
    printfa.o(i._printf_core) refers to printfa.o(i._fp_digits) for _fp_digits
    printfa.o(i._printf_core) refers to uidiv.o(.text) for __aeabi_uidivmod
    printfa.o(i._printf_post_padding) refers (Special) to iusefp.o(.text) for __I$use$fp
    printfa.o(i._printf_pre_padding) refers (Special) to iusefp.o(.text) for __I$use$fp
    printfa.o(i._snputc) refers (Special) to iusefp.o(.text) for __I$use$fp
    printfa.o(i._sputc) refers (Special) to iusefp.o(.text) for __I$use$fp
    fadd.o(.text) refers (Special) to iusefp.o(.text) for __I$use$fp
    fadd.o(.text) refers to fepilogue.o(.text) for _float_epilogue
    fmul.o(.text) refers (Special) to iusefp.o(.text) for __I$use$fp
    fdiv.o(.text) refers (Special) to iusefp.o(.text) for __I$use$fp
    fdiv.o(.text) refers to fepilogue.o(.text) for _float_round
    dadd.o(.text) refers (Special) to iusefp.o(.text) for __I$use$fp
    dadd.o(.text) refers to llshl.o(.text) for __aeabi_llsl
    dadd.o(.text) refers to llsshr.o(.text) for __aeabi_lasr
    dadd.o(.text) refers to depilogue.o(.text) for _double_epilogue
    dmul.o(.text) refers (Special) to iusefp.o(.text) for __I$use$fp
    dmul.o(.text) refers to depilogue.o(.text) for _double_epilogue
    ddiv.o(.text) refers (Special) to iusefp.o(.text) for __I$use$fp
    ddiv.o(.text) refers to depilogue.o(.text) for _double_round
    ffltui.o(.text) refers (Special) to iusefp.o(.text) for __I$use$fp
    ffltui.o(.text) refers to fepilogue.o(.text) for _float_epilogue
    ffixui.o(.text) refers (Special) to iusefp.o(.text) for __I$use$fp
    dfixui.o(.text) refers (Special) to iusefp.o(.text) for __I$use$fp
    dfixui.o(.text) refers to llushr.o(.text) for __aeabi_llsr
    f2d.o(.text) refers (Special) to iusefp.o(.text) for __I$use$fp
    cdcmple.o(.text) refers (Special) to iusefp.o(.text) for __I$use$fp
    cdrcmple.o(.text) refers (Special) to iusefp.o(.text) for __I$use$fp
    d2f.o(.text) refers (Special) to iusefp.o(.text) for __I$use$fp
    d2f.o(.text) refers to fepilogue.o(.text) for _float_round
    cfcmple.o(.text) refers (Special) to iusefp.o(.text) for __I$use$fp
    entry2.o(.ARM.Collect$$$$00000001) refers to entry2.o(.ARM.Collect$$$$00002712) for __lit__00000000
    entry2.o(.ARM.Collect$$$$00002712) refers to startup_air32f10x.o(STACK) for __initial_sp
    entry2.o(__vectab_stack_and_reset_area) refers to startup_air32f10x.o(STACK) for __initial_sp
    entry2.o(__vectab_stack_and_reset_area) refers to entry.o(.ARM.Collect$$$$00000000) for __main
    entry5.o(.ARM.Collect$$$$00000004) refers to init.o(.text) for __scatterload
    entry9a.o(.ARM.Collect$$$$0000000B) refers to main.o(i.main) for main
    entry9b.o(.ARM.Collect$$$$0000000C) refers to main.o(i.main) for main
    uldiv.o(.text) refers to llushr.o(.text) for __aeabi_llsr
    uldiv.o(.text) refers to llshl.o(.text) for __aeabi_llsl
    depilogue.o(.text) refers to llshl.o(.text) for __aeabi_llsl
    depilogue.o(.text) refers to llushr.o(.text) for __aeabi_llsr
    dfixul.o(.text) refers to llushr.o(.text) for __aeabi_llsr
    dfixul.o(.text) refers to llshl.o(.text) for __aeabi_llsl
    init.o(.text) refers to entry5.o(.ARM.Collect$$$$00000004) for __main_after_scatterload

